Archive member included to satisfy reference by file (symbol)

libstm32xxxx_hal.a(stm32f1xx_hal.c.o)
                              CMakeFiles/stm32proj.elf.dir/Core/Src/main.c.o (HAL_Init)
libstm32xxxx_hal.a(stm32f1xx_hal_adc.c.o)
                              CMakeFiles/stm32proj.elf.dir/Core/Src/adc.c.o (HAL_ADC_Init)
libstm32xxxx_hal.a(stm32f1xx_hal_adc_ex.c.o)
                              libstm32xxxx_hal.a(stm32f1xx_hal_adc.c.o) (HAL_ADCEx_InjectedConvCpltCallback)
libstm32xxxx_hal.a(stm32f1xx_hal_cortex.c.o)
                              libstm32xxxx_hal.a(stm32f1xx_hal.c.o) (HAL_NVIC_SetPriorityGrouping)
libstm32xxxx_hal.a(stm32f1xx_hal_dma.c.o)
                              CMakeFiles/stm32proj.elf.dir/Core/Src/usart.c.o (HAL_DMA_Init)
libstm32xxxx_hal.a(stm32f1xx_hal_gpio.c.o)
                              CMakeFiles/stm32proj.elf.dir/Core/Src/adc.c.o (HAL_GPIO_Init)
libstm32xxxx_hal.a(stm32f1xx_hal_i2c.c.o)
                              CMakeFiles/stm32proj.elf.dir/Core/Src/i2c.c.o (HAL_I2C_Init)
libstm32xxxx_hal.a(stm32f1xx_hal_rcc.c.o)
                              CMakeFiles/stm32proj.elf.dir/Core/Src/main.c.o (HAL_RCC_OscConfig)
libstm32xxxx_hal.a(stm32f1xx_hal_rcc_ex.c.o)
                              CMakeFiles/stm32proj.elf.dir/Core/Src/main.c.o (HAL_RCCEx_PeriphCLKConfig)
libstm32xxxx_hal.a(stm32f1xx_hal_tim.c.o)
                              CMakeFiles/stm32proj.elf.dir/Core/Src/stm32f1xx_hal_timebase_tim.c.o (HAL_TIM_Base_Init)
libstm32xxxx_hal.a(stm32f1xx_hal_tim_ex.c.o)
                              libstm32xxxx_hal.a(stm32f1xx_hal_tim.c.o) (TIMEx_DMACommutationCplt)
libstm32xxxx_hal.a(stm32f1xx_hal_uart.c.o)
                              CMakeFiles/stm32proj.elf.dir/Core/Src/usart.c.o (HAL_UART_Init)
libfreertos_lib.a(cmsis_os.c.o)
                              CMakeFiles/stm32proj.elf.dir/Core/Src/main.c.o (osKernelStart)
libfreertos_lib.a(heap_4.c.o)
                              libfreertos_lib.a(cmsis_os.c.o) (pvPortMalloc)
libfreertos_lib.a(port.c.o)   libfreertos_lib.a(cmsis_os.c.o) (vPortEnterCritical)
libfreertos_lib.a(queue.c.o)  libfreertos_lib.a(cmsis_os.c.o) (xQueueGenericCreateStatic)
libfreertos_lib.a(tasks.c.o)  libfreertos_lib.a(port.c.o) (pxCurrentTCB)
libfreertos_lib.a(list.c.o)   libfreertos_lib.a(queue.c.o) (vListInitialise)
/usr/lib/gcc/arm-none-eabi/6.3.1/../../../arm-none-eabi/lib/thumb/v7-m/libc_nano.a(lib_a-atexit.o)
                              /usr/lib/gcc/arm-none-eabi/6.3.1/../../../arm-none-eabi/lib/thumb/v7-m/crt0.o (atexit)
/usr/lib/gcc/arm-none-eabi/6.3.1/../../../arm-none-eabi/lib/thumb/v7-m/libc_nano.a(lib_a-errno.o)
                              CMakeFiles/stm32proj.elf.dir/Core/Src/syscalls.c.o (__errno)
/usr/lib/gcc/arm-none-eabi/6.3.1/../../../arm-none-eabi/lib/thumb/v7-m/libc_nano.a(lib_a-exit.o)
                              /usr/lib/gcc/arm-none-eabi/6.3.1/../../../arm-none-eabi/lib/thumb/v7-m/crt0.o (exit)
/usr/lib/gcc/arm-none-eabi/6.3.1/../../../arm-none-eabi/lib/thumb/v7-m/libc_nano.a(lib_a-fini.o)
                              /usr/lib/gcc/arm-none-eabi/6.3.1/../../../arm-none-eabi/lib/thumb/v7-m/crt0.o (__libc_fini_array)
/usr/lib/gcc/arm-none-eabi/6.3.1/../../../arm-none-eabi/lib/thumb/v7-m/libc_nano.a(lib_a-impure.o)
                              /usr/lib/gcc/arm-none-eabi/6.3.1/../../../arm-none-eabi/lib/thumb/v7-m/libc_nano.a(lib_a-exit.o) (_global_impure_ptr)
/usr/lib/gcc/arm-none-eabi/6.3.1/../../../arm-none-eabi/lib/thumb/v7-m/libc_nano.a(lib_a-init.o)
                              /usr/lib/gcc/arm-none-eabi/6.3.1/../../../arm-none-eabi/lib/thumb/v7-m/crt0.o (__libc_init_array)
/usr/lib/gcc/arm-none-eabi/6.3.1/../../../arm-none-eabi/lib/thumb/v7-m/libc_nano.a(lib_a-memcmp.o)
                              CMakeFiles/stm32proj.elf.dir/Core/Src/inv_mpu.c.o (memcmp)
/usr/lib/gcc/arm-none-eabi/6.3.1/../../../arm-none-eabi/lib/thumb/v7-m/libc_nano.a(lib_a-memcpy.o)
                              libfreertos_lib.a(queue.c.o) (memcpy)
/usr/lib/gcc/arm-none-eabi/6.3.1/../../../arm-none-eabi/lib/thumb/v7-m/libc_nano.a(lib_a-memset.o)
                              /usr/lib/gcc/arm-none-eabi/6.3.1/../../../arm-none-eabi/lib/thumb/v7-m/crt0.o (memset)
/usr/lib/gcc/arm-none-eabi/6.3.1/../../../arm-none-eabi/lib/thumb/v7-m/libc_nano.a(lib_a-__atexit.o)
                              /usr/lib/gcc/arm-none-eabi/6.3.1/../../../arm-none-eabi/lib/thumb/v7-m/libc_nano.a(lib_a-atexit.o) (__register_exitproc)
/usr/lib/gcc/arm-none-eabi/6.3.1/../../../arm-none-eabi/lib/thumb/v7-m/libc_nano.a(lib_a-__call_atexit.o)
                              /usr/lib/gcc/arm-none-eabi/6.3.1/../../../arm-none-eabi/lib/thumb/v7-m/libc_nano.a(lib_a-__atexit.o) (__call_exitprocs)
/usr/lib/gcc/arm-none-eabi/6.3.1/../../../arm-none-eabi/lib/thumb/v7-m/libm.a(lib_a-w_asin.o)
                              CMakeFiles/stm32proj.elf.dir/Core/Src/MPU6050.c.o (asin)
/usr/lib/gcc/arm-none-eabi/6.3.1/../../../arm-none-eabi/lib/thumb/v7-m/libm.a(lib_a-w_atan2.o)
[...]
Memory Configuration

Name             Origin             Length             Attributes
RAM              0x0000000020000000 0x0000000000005000 xrw
FLASH            0x0000000008000000 0x0000000000010000 xr
*default*        0x0000000000000000 0xffffffffffffffff

Linker script and memory map

LOAD /usr/lib/gcc/arm-none-eabi/6.3.1/thumb/v7-m/crti.o
LOAD /usr/lib/gcc/arm-none-eabi/6.3.1/thumb/v7-m/crtbegin.o
LOAD /usr/lib/gcc/arm-none-eabi/6.3.1/../../../arm-none-eabi/lib/thumb/v7-m/crt0.o
LOAD CMakeFiles/stm32proj.elf.dir/Core/Src/MPU6050.c.o
LOAD CMakeFiles/stm32proj.elf.dir/Core/Src/adc.c.o
LOAD CMakeFiles/stm32proj.elf.dir/Core/Src/dma.c.o
LOAD CMakeFiles/stm32proj.elf.dir/Core/Src/filter.c.o
LOAD CMakeFiles/stm32proj.elf.dir/Core/Src/freertos.c.o
LOAD CMakeFiles/stm32proj.elf.dir/Core/Src/gpio.c.o
LOAD CMakeFiles/stm32proj.elf.dir/Core/Src/i2c.c.o
LOAD CMakeFiles/stm32proj.elf.dir/Core/Src/inv_mpu.c.o
LOAD CMakeFiles/stm32proj.elf.dir/Core/Src/inv_mpu_dmp_motion_driver.c.o
LOAD CMakeFiles/stm32proj.elf.dir/Core/Src/layerCompati_i2c.c.o
LOAD CMakeFiles/stm32proj.elf.dir/Core/Src/libmotot.c.o
LOAD CMakeFiles/stm32proj.elf.dir/Core/Src/main.c.o
LOAD CMakeFiles/stm32proj.elf.dir/Core/Src/stm32f1xx_hal_msp.c.o
LOAD CMakeFiles/stm32proj.elf.dir/Core/Src/stm32f1xx_hal_timebase_tim.c.o
LOAD CMakeFiles/stm32proj.elf.dir/Core/Src/stm32f1xx_it.c.o
LOAD CMakeFiles/stm32proj.elf.dir/Core/Src/syscalls.c.o
LOAD CMakeFiles/stm32proj.elf.dir/Core/Src/sysmem.c.o
LOAD CMakeFiles/stm32proj.elf.dir/Core/Src/system_stm32f1xx.c.o
LOAD CMakeFiles/stm32proj.elf.dir/Core/Src/tim.c.o
LOAD CMakeFiles/stm32proj.elf.dir/Core/Src/usart.c.o
LOAD CMakeFiles/stm32proj.elf.dir/Core/Startup/startup_stm32f103c8tx.s.o
LOAD libstm32xxxx_hal.a
LOAD libfreertos_lib.a
LOAD /usr/lib/gcc/arm-none-eabi/6.3.1/../../../arm-none-eabi/lib/thumb/v7-m/libc_nano.a
LOAD /usr/lib/gcc/arm-none-eabi/6.3.1/../../../arm-none-eabi/lib/thumb/v7-m/libm.a
LOAD /usr/lib/gcc/arm-none-eabi/6.3.1/../../../arm-none-eabi/lib/thumb/v7-m/libnosys.a
START GROUP
LOAD /usr/lib/gcc/arm-none-eabi/6.3.1/thumb/v7-m/libgcc.a
LOAD /usr/lib/gcc/arm-none-eabi/6.3.1/../../../arm-none-eabi/lib/thumb/v7-m/libg_nano.a
LOAD /usr/lib/gcc/arm-none-eabi/6.3.1/../../../arm-none-eabi/lib/thumb/v7-m/libc_nano.a
END GROUP
START GROUP
LOAD /usr/lib/gcc/arm-none-eabi/6.3.1/thumb/v7-m/libgcc.a
LOAD /usr/lib/gcc/arm-none-eabi/6.3.1/../../../arm-none-eabi/lib/thumb/v7-m/libc_nano.a
LOAD /usr/lib/gcc/arm-none-eabi/6.3.1/../../../arm-none-eabi/lib/thumb/v7-m/libnosys.a
END GROUP
START GROUP
LOAD /usr/lib/gcc/arm-none-eabi/6.3.1/thumb/v7-m/libgcc.a
LOAD /usr/lib/gcc/arm-none-eabi/6.3.1/../../../arm-none-eabi/lib/thumb/v7-m/libc_nano.a
LOAD /usr/lib/gcc/arm-none-eabi/6.3.1/../../../arm-none-eabi/lib/thumb/v7-m/libnosys.a
END GROUP
LOAD /usr/lib/gcc/arm-none-eabi/6.3.1/thumb/v7-m/crtend.o
LOAD /usr/lib/gcc/arm-none-eabi/6.3.1/thumb/v7-m/crtn.o
                0x0000000020005000                _estack = (ORIGIN (RAM) + LENGTH (RAM))
                0x0000000000000200                _Min_Heap_Size = 0x200
                0x0000000000000400                _Min_Stack_Size = 0x400

.isr_vector     0x0000000008000000      0x10c
                0x0000000008000000                . = ALIGN (0x4)
 *(.isr_vector)
 .isr_vector    0x0000000008000000      0x10c CMakeFiles/stm32proj.elf.dir/Core/Startup/startup_stm32f103c8tx.s.o
                0x0000000008000000                g_pfnVectors
                0x000000000800010c                . = ALIGN (0x4)

.text           0x0000000008000110     0xbedc
                0x0000000008000110                . = ALIGN (0x4)
 *(.text)
 .text          0x0000000008000110       0xa4 /usr/lib/gcc/arm-none-eabi/6.3.1/thumb/v7-m/crtbegin.o
 .text          0x00000000080001b4       0x50 /usr/lib/gcc/arm-none-eabi/6.3.1/../../../arm-none-eabi/lib/thumb/v7-m/libc_nano.a(lib_a-init.o)
                0x00000000080001b4                __libc_init_array
 .text          0x0000000008000204       0x60 /usr/lib/gcc/arm-none-eabi/6.3.1/../../../arm-none-eabi/lib/thumb/v7-m/libc_nano.a(lib_a-memcmp.o)
                0x0000000008000204                memcmp
 .text          0x0000000008000264       0x9c /usr/lib/gcc/arm-none-eabi/6.3.1/../../../arm-none-eabi/lib/thumb/v7-m/libc_nano.a(lib_a-memset.o)
                0x0000000008000264                memset
 .text          0x0000000008000300        0x4 /usr/lib/gcc/arm-none-eabi/6.3.1/../../../arm-none-eabi/lib/thumb/v7-m/libm.a(lib_a-w_atan2.o)
                0x0000000008000300                atan2
 *fill*         0x0000000008000304        0x4 
 .text          0x0000000008000308      0x1d4 /usr/lib/gcc/arm-none-eabi/6.3.1/../../../arm-none-eabi/lib/thumb/v7-m/libm.a(lib_a-e_atan2.o)
                0x0000000008000308                __ieee754_atan2
 *fill*         0x00000000080004dc        0x4 
 .text          0x00000000080004e0      0x340 /usr/lib/gcc/arm-none-eabi/6.3.1/../../../arm-none-eabi/lib/thumb/v7-m/libm.a(lib_a-s_atan.o)
                0x00000000080004e0                atan
 .text          0x0000000008000820        0x8 /usr/lib/gcc/arm-none-eabi/6.3.1/../../../arm-none-eabi/lib/thumb/v7-m/libm.a(lib_a-s_fabs.o)
                0x0000000008000820                fabs
 .text          0x0000000008000828      0x370 /usr/lib/gcc/arm-none-eabi/6.3.1/thumb/v7-m/libgcc.a(_arm_addsubdf3.o)
                0x0000000008000828                __aeabi_drsub
                0x0000000008000830                __aeabi_dsub
                0x0000000008000830                __subdf3
                0x0000000008000834                __adddf3
                0x0000000008000834                __aeabi_dadd
                0x0000000008000aac                __aeabi_ui2d
                0x0000000008000aac                __floatunsidf
                0x0000000008000acc                __floatsidf
                0x0000000008000acc                __aeabi_i2d
                0x0000000008000af0                __extendsfdf2
                0x0000000008000af0                __aeabi_f2d
                0x0000000008000b2c                __aeabi_ul2d
                0x0000000008000b2c                __floatundidf
                0x0000000008000b3c                __floatdidf
                0x0000000008000b3c                __aeabi_l2d
 .text          0x0000000008000b98      0x424 /usr/lib/gcc/arm-none-eabi/6.3.1/thumb/v7-m/libgcc.a(_arm_muldivdf3.o)
                0x0000000008000b98                __aeabi_dmul
                0x0000000008000b98                __muldf3
                0x0000000008000dec                __aeabi_ddiv
                0x0000000008000dec                __divdf3
 .text          0x0000000008000fbc      0x110 /usr/lib/gcc/arm-none-eabi/6.3.1/thumb/v7-m/libgcc.a(_arm_cmpdf2.o)
                0x0000000008000fbc                __gtdf2
                0x0000000008000fbc                __gedf2
                0x0000000008000fc4                __ltdf2
                0x0000000008000fc4                __ledf2
                0x0000000008000fcc                __cmpdf2
                0x0000000008000fcc                __eqdf2
                0x0000000008000fcc                __nedf2
                0x0000000008001048                __aeabi_cdrcmple
                0x0000000008001058                __aeabi_cdcmple
                0x0000000008001058                __aeabi_cdcmpeq
                0x0000000008001068                __aeabi_dcmpeq
                0x000000000800107c                __aeabi_dcmplt
                0x0000000008001090                __aeabi_dcmple
                0x00000000080010a4                __aeabi_dcmpge
                0x00000000080010b8                __aeabi_dcmpgt
 .text          0x00000000080010cc       0x50 /usr/lib/gcc/arm-none-eabi/6.3.1/thumb/v7-m/libgcc.a(_arm_fixdfsi.o)
                0x00000000080010cc                __fixdfsi
                0x00000000080010cc                __aeabi_d2iz
 .text          0x000000000800111c       0xa0 /usr/lib/gcc/arm-none-eabi/6.3.1/thumb/v7-m/libgcc.a(_arm_truncdfsf2.o)
                0x000000000800111c                __aeabi_d2f
                0x000000000800111c                __truncdfsf2
 .text          0x00000000080011bc      0x21c /usr/lib/gcc/arm-none-eabi/6.3.1/thumb/v7-m/libgcc.a(_arm_addsubsf3.o)
                0x00000000080011bc                __aeabi_frsub
                0x00000000080011c4                __subsf3
                0x00000000080011c4                __aeabi_fsub
                0x00000000080011c8                __aeabi_fadd
                0x00000000080011c8                __addsf3
                0x0000000008001328                __aeabi_ui2f
                0x0000000008001328                __floatunsisf
                0x0000000008001330                __aeabi_i2f
                0x0000000008001330                __floatsisf
                0x000000000800134c                __floatundisf
                0x000000000800134c                __aeabi_ul2f
                0x000000000800135c                __floatdisf
                0x000000000800135c                __aeabi_l2f
 .text          0x00000000080013d8      0x2a0 /usr/lib/gcc/arm-none-eabi/6.3.1/thumb/v7-m/libgcc.a(_arm_muldivsf3.o)
                0x00000000080013d8                __mulsf3
                0x00000000080013d8                __aeabi_fmul
                0x0000000008001540                __divsf3
                0x0000000008001540                __aeabi_fdiv
 .text          0x0000000008001678       0xec /usr/lib/gcc/arm-none-eabi/6.3.1/thumb/v7-m/libgcc.a(_arm_cmpsf2.o)
                0x0000000008001678                __gtsf2
                0x0000000008001678                __gesf2
                0x0000000008001680                __lesf2
                0x0000000008001680                __ltsf2
                0x0000000008001688                __nesf2
                0x0000000008001688                __eqsf2
                0x0000000008001688                __cmpsf2
                0x00000000080016e8                __aeabi_cfrcmple
                0x00000000080016f0                __aeabi_cfcmple
                0x00000000080016f0                __aeabi_cfcmpeq
                0x0000000008001700                __aeabi_fcmpeq
                0x0000000008001714                __aeabi_fcmplt
                0x0000000008001728                __aeabi_fcmple
                0x000000000800173c                __aeabi_fcmpge
                0x0000000008001750                __aeabi_fcmpgt
 .text          0x0000000008001764       0x4c /usr/lib/gcc/arm-none-eabi/6.3.1/thumb/v7-m/libgcc.a(_arm_fixsfsi.o)
                0x0000000008001764                __fixsfsi
                0x0000000008001764                __aeabi_f2iz
 .text          0x00000000080017b0       0x40 /usr/lib/gcc/arm-none-eabi/6.3.1/thumb/v7-m/libgcc.a(_arm_fixunssfsi.o)
                0x00000000080017b0                __aeabi_f2uiz
                0x00000000080017b0                __fixunssfsi
 .text          0x00000000080017f0       0xa0 /usr/lib/gcc/arm-none-eabi/6.3.1/thumb/v7-m/libgcc.a(_aeabi_ldivmod.o)
                0x00000000080017f0                __aeabi_ldivmod
 .text          0x0000000008001890      0x2dc /usr/lib/gcc/arm-none-eabi/6.3.1/thumb/v7-m/libgcc.a(_udivmoddi4.o)
                0x0000000008001890                __udivmoddi4
 .text          0x0000000008001b6c        0x4 /usr/lib/gcc/arm-none-eabi/6.3.1/thumb/v7-m/libgcc.a(_dvmd_tls.o)
                0x0000000008001b6c                __aeabi_ldiv0
                0x0000000008001b6c                __aeabi_idiv0
 *(.text*)
 .text.__NVIC_SystemReset
                0x0000000008001b70       0x28 CMakeFiles/stm32proj.elf.dir/Core/Src/MPU6050.c.o
 .text.inv_row_2_scale
                0x0000000008001b98       0x80 CMakeFiles/stm32proj.elf.dir/Core/Src/MPU6050.c.o
 .text.inv_orientation_matrix_to_scalar
                0x0000000008001c18       0x50 CMakeFiles/stm32proj.elf.dir/Core/Src/MPU6050.c.o
 .text.run_self_test
                0x0000000008001c68       0xca CMakeFiles/stm32proj.elf.dir/Core/Src/MPU6050.c.o
 .text.MPU6050_setClockSource
                0x0000000008001d32       0x22 CMakeFiles/stm32proj.elf.dir/Core/Src/MPU6050.c.o
                0x0000000008001d32                MPU6050_setClockSource
 .text.MPU6050_setFullScaleGyroRange
                0x0000000008001d54       0x22 CMakeFiles/stm32proj.elf.dir/Core/Src/MPU6050.c.o
                0x0000000008001d54                MPU6050_setFullScaleGyroRange
 .text.MPU6050_setFullScaleAccelRange
                0x0000000008001d76       0x22 CMakeFiles/stm32proj.elf.dir/Core/Src/MPU6050.c.o
                0x0000000008001d76                MPU6050_setFullScaleAccelRange
 .text.MPU6050_setSleepEnabled
                0x0000000008001d98       0x1e CMakeFiles/stm32proj.elf.dir/Core/Src/MPU6050.c.o
                0x0000000008001d98                MPU6050_setSleepEnabled
 .text.MPU6050_setI2CMasterModeEnabled
                0x0000000008001db6       0x1e CMakeFiles/stm32proj.elf.dir/Core/Src/MPU6050.c.o
                0x0000000008001db6                MPU6050_setI2CMasterModeEnabled
 .text.MPU6050_setI2CBypassEnabled
                0x0000000008001dd4       0x1e CMakeFiles/stm32proj.elf.dir/Core/Src/MPU6050.c.o
                0x0000000008001dd4                MPU6050_setI2CBypassEnabled
 .text.MPU6050_initialize
                0x0000000008001df2       0x2c CMakeFiles/stm32proj.elf.dir/Core/Src/MPU6050.c.o
                0x0000000008001df2                MPU6050_initialize
 *fill*         0x0000000008001e1e        0x2 
 .text.DMP_Init
                0x0000000008001e20       0xe8 CMakeFiles/stm32proj.elf.dir/Core/Src/MPU6050.c.o
                0x0000000008001e20                DMP_Init
 .text.MX_ADC1_Init
                0x0000000008001f08       0x7c CMakeFiles/stm32proj.elf.dir/Core/Src/adc.c.o
                0x0000000008001f08                MX_ADC1_Init
 .text.HAL_ADC_MspInit
                0x0000000008001f84       0x78 CMakeFiles/stm32proj.elf.dir/Core/Src/adc.c.o
                0x0000000008001f84                HAL_ADC_MspInit
 .text.MX_DMA_Init
                0x0000000008001ffc       0x4c CMakeFiles/stm32proj.elf.dir/Core/Src/dma.c.o
                0x0000000008001ffc                MX_DMA_Init
 .text.Kalman_Filter
                0x0000000008002048      0x368 CMakeFiles/stm32proj.elf.dir/Core/Src/filter.c.o
                0x0000000008002048                Kalman_Filter
 .text.vApplicationGetIdleTaskMemory
                0x00000000080023b0       0x30 CMakeFiles/stm32proj.elf.dir/Core/Src/freertos.c.o
                0x00000000080023b0                vApplicationGetIdleTaskMemory
 .text.MX_FREERTOS_Init
                0x00000000080023e0       0x68 CMakeFiles/stm32proj.elf.dir/Core/Src/freertos.c.o
                0x00000000080023e0                MX_FREERTOS_Init
 .text.StartDefaultTask
                0x0000000008002448      0x104 CMakeFiles/stm32proj.elf.dir/Core/Src/freertos.c.o
                0x0000000008002448                StartDefaultTask
 .text.StartTask_nonblock
                0x000000000800254c       0x68 CMakeFiles/stm32proj.elf.dir/Core/Src/freertos.c.o
                0x000000000800254c                StartTask_nonblock
 .text.MX_GPIO_Init
                0x00000000080025b4       0xf8 CMakeFiles/stm32proj.elf.dir/Core/Src/gpio.c.o
                0x00000000080025b4                MX_GPIO_Init
 .text.MX_I2C1_Init
                0x00000000080026ac       0x5c CMakeFiles/stm32proj.elf.dir/Core/Src/i2c.c.o
                0x00000000080026ac                MX_I2C1_Init
 .text.HAL_I2C_MspInit
                0x0000000008002708       0xa0 CMakeFiles/stm32proj.elf.dir/Core/Src/i2c.c.o
                0x0000000008002708                HAL_I2C_MspInit
 .text.set_int_enable
                0x00000000080027a8       0xb4 CMakeFiles/stm32proj.elf.dir/Core/Src/inv_mpu.c.o
 .text.mpu_init
                0x000000000800285c      0x204 CMakeFiles/stm32proj.elf.dir/Core/Src/inv_mpu.c.o
                0x000000000800285c                mpu_init
 .text.mpu_lp_accel_mode
                0x0000000008002a60       0xf8 CMakeFiles/stm32proj.elf.dir/Core/Src/inv_mpu.c.o
                0x0000000008002a60                mpu_lp_accel_mode
 .text.mpu_reset_fifo
                0x0000000008002b58      0x1fc CMakeFiles/stm32proj.elf.dir/Core/Src/inv_mpu.c.o
                0x0000000008002b58                mpu_reset_fifo
 .text.mpu_get_gyro_fsr
                0x0000000008002d54       0x68 CMakeFiles/stm32proj.elf.dir/Core/Src/inv_mpu.c.o
                0x0000000008002d54                mpu_get_gyro_fsr
 .text.mpu_set_gyro_fsr
                0x0000000008002dbc       0xa4 CMakeFiles/stm32proj.elf.dir/Core/Src/inv_mpu.c.o
                0x0000000008002dbc                mpu_set_gyro_fsr
 .text.mpu_get_accel_fsr
                0x0000000008002e60       0x74 CMakeFiles/stm32proj.elf.dir/Core/Src/inv_mpu.c.o
                0x0000000008002e60                mpu_get_accel_fsr
 .text.mpu_set_accel_fsr
                0x0000000008002ed4       0xd0 CMakeFiles/stm32proj.elf.dir/Core/Src/inv_mpu.c.o
                0x0000000008002ed4                mpu_set_accel_fsr
 .text.mpu_get_lpf
                0x0000000008002fa4       0x78 CMakeFiles/stm32proj.elf.dir/Core/Src/inv_mpu.c.o
                0x0000000008002fa4                mpu_get_lpf
 .text.mpu_set_lpf
                0x000000000800301c       0x9c CMakeFiles/stm32proj.elf.dir/Core/Src/inv_mpu.c.o
                0x000000000800301c                mpu_set_lpf
 .text.mpu_get_sample_rate
                0x00000000080030b8       0x30 CMakeFiles/stm32proj.elf.dir/Core/Src/inv_mpu.c.o
                0x00000000080030b8                mpu_get_sample_rate
 .text.mpu_set_sample_rate
                0x00000000080030e8       0xcc CMakeFiles/stm32proj.elf.dir/Core/Src/inv_mpu.c.o
                0x00000000080030e8                mpu_set_sample_rate
 .text.mpu_get_gyro_sens
                0x00000000080031b4       0x70 CMakeFiles/stm32proj.elf.dir/Core/Src/inv_mpu.c.o
                0x00000000080031b4                mpu_get_gyro_sens
 .text.mpu_get_accel_sens
                0x0000000008003224       0x7c CMakeFiles/stm32proj.elf.dir/Core/Src/inv_mpu.c.o
                0x0000000008003224                mpu_get_accel_sens
 .text.mpu_get_fifo_config
                0x00000000080032a0       0x20 CMakeFiles/stm32proj.elf.dir/Core/Src/inv_mpu.c.o
                0x00000000080032a0                mpu_get_fifo_config
 .text.mpu_configure_fifo
                0x00000000080032c0       0xa4 CMakeFiles/stm32proj.elf.dir/Core/Src/inv_mpu.c.o
                0x00000000080032c0                mpu_configure_fifo
 .text.mpu_set_sensors
                0x0000000008003364      0x10c CMakeFiles/stm32proj.elf.dir/Core/Src/inv_mpu.c.o
                0x0000000008003364                mpu_set_sensors
 .text.mpu_set_bypass
                0x0000000008003470      0x18c CMakeFiles/stm32proj.elf.dir/Core/Src/inv_mpu.c.o
                0x0000000008003470                mpu_set_bypass
 .text.mpu_set_int_latched
                0x00000000080035fc       0x88 CMakeFiles/stm32proj.elf.dir/Core/Src/inv_mpu.c.o
                0x00000000080035fc                mpu_set_int_latched
 .text.get_accel_prod_shift
                0x0000000008003684      0x120 CMakeFiles/stm32proj.elf.dir/Core/Src/inv_mpu.c.o
 .text.accel_self_test
                0x00000000080037a4      0x10c CMakeFiles/stm32proj.elf.dir/Core/Src/inv_mpu.c.o
 .text.gyro_self_test
                0x00000000080038b0      0x178 CMakeFiles/stm32proj.elf.dir/Core/Src/inv_mpu.c.o
 .text.get_st_biases
                0x0000000008003a28      0x614 CMakeFiles/stm32proj.elf.dir/Core/Src/inv_mpu.c.o
 .text.mpu_run_self_test
                0x000000000800403c      0x1a8 CMakeFiles/stm32proj.elf.dir/Core/Src/inv_mpu.c.o
                0x000000000800403c                mpu_run_self_test
 .text.mpu_write_mem
                0x00000000080041e4       0xa4 CMakeFiles/stm32proj.elf.dir/Core/Src/inv_mpu.c.o
                0x00000000080041e4                mpu_write_mem
 .text.mpu_read_mem
                0x0000000008004288       0xa4 CMakeFiles/stm32proj.elf.dir/Core/Src/inv_mpu.c.o
                0x0000000008004288                mpu_read_mem
 .text.mpu_load_firmware
                0x000000000800432c       0xfc CMakeFiles/stm32proj.elf.dir/Core/Src/inv_mpu.c.o
                0x000000000800432c                mpu_load_firmware
 .text.mpu_set_dmp_state
                0x0000000008004428       0xa8 CMakeFiles/stm32proj.elf.dir/Core/Src/inv_mpu.c.o
                0x0000000008004428                mpu_set_dmp_state
 .text.dmp_load_motion_driver_firmware
                0x00000000080044d0       0x20 CMakeFiles/stm32proj.elf.dir/Core/Src/inv_mpu_dmp_motion_driver.c.o
                0x00000000080044d0                dmp_load_motion_driver_firmware
 .text.dmp_set_orientation
                0x00000000080044f0      0x1e4 CMakeFiles/stm32proj.elf.dir/Core/Src/inv_mpu_dmp_motion_driver.c.o
                0x00000000080044f0                dmp_set_orientation
 .text.dmp_set_gyro_bias
                0x00000000080046d4      0x1bc CMakeFiles/stm32proj.elf.dir/Core/Src/inv_mpu_dmp_motion_driver.c.o
                0x00000000080046d4                dmp_set_gyro_bias
 .text.dmp_set_accel_bias
                0x0000000008004890      0x1ac CMakeFiles/stm32proj.elf.dir/Core/Src/inv_mpu_dmp_motion_driver.c.o
                0x0000000008004890                dmp_set_accel_bias
 .text.dmp_set_fifo_rate
                0x0000000008004a3c       0x90 CMakeFiles/stm32proj.elf.dir/Core/Src/inv_mpu_dmp_motion_driver.c.o
                0x0000000008004a3c                dmp_set_fifo_rate
 .text.dmp_set_tap_thresh
                0x0000000008004acc      0x254 CMakeFiles/stm32proj.elf.dir/Core/Src/inv_mpu_dmp_motion_driver.c.o
                0x0000000008004acc                dmp_set_tap_thresh
 .text.dmp_set_tap_axes
                0x0000000008004d20       0x64 CMakeFiles/stm32proj.elf.dir/Core/Src/inv_mpu_dmp_motion_driver.c.o
                0x0000000008004d20                dmp_set_tap_axes
 .text.dmp_set_tap_count
                0x0000000008004d84       0x42 CMakeFiles/stm32proj.elf.dir/Core/Src/inv_mpu_dmp_motion_driver.c.o
                0x0000000008004d84                dmp_set_tap_count
 *fill*         0x0000000008004dc6        0x2 
 .text.dmp_set_tap_time
                0x0000000008004dc8       0x44 CMakeFiles/stm32proj.elf.dir/Core/Src/inv_mpu_dmp_motion_driver.c.o
                0x0000000008004dc8                dmp_set_tap_time
 .text.dmp_set_tap_time_multi
                0x0000000008004e0c       0x44 CMakeFiles/stm32proj.elf.dir/Core/Src/inv_mpu_dmp_motion_driver.c.o
                0x0000000008004e0c                dmp_set_tap_time_multi
 .text.dmp_set_shake_reject_thresh
                0x0000000008004e50       0x60 CMakeFiles/stm32proj.elf.dir/Core/Src/inv_mpu_dmp_motion_driver.c.o
                0x0000000008004e50                dmp_set_shake_reject_thresh
 .text.dmp_set_shake_reject_time
                0x0000000008004eb0       0x44 CMakeFiles/stm32proj.elf.dir/Core/Src/inv_mpu_dmp_motion_driver.c.o
                0x0000000008004eb0                dmp_set_shake_reject_time
 .text.dmp_set_shake_reject_timeout
                0x0000000008004ef4       0x44 CMakeFiles/stm32proj.elf.dir/Core/Src/inv_mpu_dmp_motion_driver.c.o
                0x0000000008004ef4                dmp_set_shake_reject_timeout
 .text.dmp_enable_feature
                0x0000000008004f38      0x250 CMakeFiles/stm32proj.elf.dir/Core/Src/inv_mpu_dmp_motion_driver.c.o
                0x0000000008004f38                dmp_enable_feature
 .text.dmp_enable_gyro_cal
                0x0000000008005188       0x60 CMakeFiles/stm32proj.elf.dir/Core/Src/inv_mpu_dmp_motion_driver.c.o
                0x0000000008005188                dmp_enable_gyro_cal
 .text.dmp_enable_lp_quat
                0x00000000080051e8       0x4e CMakeFiles/stm32proj.elf.dir/Core/Src/inv_mpu_dmp_motion_driver.c.o
                0x00000000080051e8                dmp_enable_lp_quat
 .text.dmp_enable_6x_lp_quat
                0x0000000008005236       0x4e CMakeFiles/stm32proj.elf.dir/Core/Src/inv_mpu_dmp_motion_driver.c.o
                0x0000000008005236                dmp_enable_6x_lp_quat
 .text.i2c_write
                0x0000000008005284       0x4c CMakeFiles/stm32proj.elf.dir/Core/Src/layerCompati_i2c.c.o
                0x0000000008005284                i2c_write
 .text.i2c_read
                0x00000000080052d0       0x4c CMakeFiles/stm32proj.elf.dir/Core/Src/layerCompati_i2c.c.o
                0x00000000080052d0                i2c_read
 .text.IICwriteBit
                0x000000000800531c       0xa0 CMakeFiles/stm32proj.elf.dir/Core/Src/layerCompati_i2c.c.o
                0x000000000800531c                IICwriteBit
 .text.IICwriteBits
                0x00000000080053bc       0xd4 CMakeFiles/stm32proj.elf.dir/Core/Src/layerCompati_i2c.c.o
                0x00000000080053bc                IICwriteBits
 .text.I2C_ReadOneByte
                0x0000000008005490       0x3c CMakeFiles/stm32proj.elf.dir/Core/Src/layerCompati_i2c.c.o
                0x0000000008005490                I2C_ReadOneByte
 .text.set_Pwm  0x00000000080054cc       0xdc CMakeFiles/stm32proj.elf.dir/Core/Src/libmotot.c.o
                0x00000000080054cc                set_Pwm
 .text.pid_Balance_Velocity
                0x00000000080055a8      0x1b0 CMakeFiles/stm32proj.elf.dir/Core/Src/libmotot.c.o
                0x00000000080055a8                pid_Balance_Velocity
 .text.main     0x0000000008005758       0x78 CMakeFiles/stm32proj.elf.dir/Core/Src/main.c.o
                0x0000000008005758                main
 .text.SystemClock_Config
                0x00000000080057d0       0xb6 CMakeFiles/stm32proj.elf.dir/Core/Src/main.c.o
                0x00000000080057d0                SystemClock_Config
 *fill*         0x0000000008005886        0x2 
 .text.Read_Encoder
                0x0000000008005888       0x50 CMakeFiles/stm32proj.elf.dir/Core/Src/main.c.o
                0x0000000008005888                Read_Encoder
 .text.Get_Angle
                0x00000000080058d8      0x1c0 CMakeFiles/stm32proj.elf.dir/Core/Src/main.c.o
                0x00000000080058d8                Get_Angle
 .text.HAL_TIM_PeriodElapsedCallback
                0x0000000008005a98      0x104 CMakeFiles/stm32proj.elf.dir/Core/Src/main.c.o
                0x0000000008005a98                HAL_TIM_PeriodElapsedCallback
 .text.Error_Handler
                0x0000000008005b9c        0x8 CMakeFiles/stm32proj.elf.dir/Core/Src/main.c.o
                0x0000000008005b9c                Error_Handler
 .text.HAL_MspInit
                0x0000000008005ba4       0x70 CMakeFiles/stm32proj.elf.dir/Core/Src/stm32f1xx_hal_msp.c.o
                0x0000000008005ba4                HAL_MspInit
 .text.HAL_InitTick
                0x0000000008005c14       0xb0 CMakeFiles/stm32proj.elf.dir/Core/Src/stm32f1xx_hal_timebase_tim.c.o
                0x0000000008005c14                HAL_InitTick
 .text.NMI_Handler
                0x0000000008005cc4        0x6 CMakeFiles/stm32proj.elf.dir/Core/Src/stm32f1xx_it.c.o
                0x0000000008005cc4                NMI_Handler
 .text.HardFault_Handler
                0x0000000008005cca        0x6 CMakeFiles/stm32proj.elf.dir/Core/Src/stm32f1xx_it.c.o
                0x0000000008005cca                HardFault_Handler
 .text.MemManage_Handler
                0x0000000008005cd0        0x6 CMakeFiles/stm32proj.elf.dir/Core/Src/stm32f1xx_it.c.o
                0x0000000008005cd0                MemManage_Handler
 .text.BusFault_Handler
                0x0000000008005cd6        0x6 CMakeFiles/stm32proj.elf.dir/Core/Src/stm32f1xx_it.c.o
                0x0000000008005cd6                BusFault_Handler
 .text.UsageFault_Handler
                0x0000000008005cdc        0x6 CMakeFiles/stm32proj.elf.dir/Core/Src/stm32f1xx_it.c.o
                0x0000000008005cdc                UsageFault_Handler
 .text.DebugMon_Handler
                0x0000000008005ce2        0xc CMakeFiles/stm32proj.elf.dir/Core/Src/stm32f1xx_it.c.o
                0x0000000008005ce2                DebugMon_Handler
 *fill*         0x0000000008005cee        0x2 
 .text.DMA1_Channel4_IRQHandler
                0x0000000008005cf0       0x14 CMakeFiles/stm32proj.elf.dir/Core/Src/stm32f1xx_it.c.o
                0x0000000008005cf0                DMA1_Channel4_IRQHandler
 .text.DMA1_Channel5_IRQHandler
                0x0000000008005d04       0x14 CMakeFiles/stm32proj.elf.dir/Core/Src/stm32f1xx_it.c.o
                0x0000000008005d04                DMA1_Channel5_IRQHandler
 .text.TIM1_UP_IRQHandler
                0x0000000008005d18       0x14 CMakeFiles/stm32proj.elf.dir/Core/Src/stm32f1xx_it.c.o
                0x0000000008005d18                TIM1_UP_IRQHandler
 .text.TIM3_IRQHandler
                0x0000000008005d2c       0x14 CMakeFiles/stm32proj.elf.dir/Core/Src/stm32f1xx_it.c.o
                0x0000000008005d2c                TIM3_IRQHandler
 .text.USART1_IRQHandler
                0x0000000008005d40       0x14 CMakeFiles/stm32proj.elf.dir/Core/Src/stm32f1xx_it.c.o
                0x0000000008005d40                USART1_IRQHandler
 .text.SystemInit
                0x0000000008005d54        0xc CMakeFiles/stm32proj.elf.dir/Core/Src/system_stm32f1xx.c.o
                0x0000000008005d54                SystemInit
 .text.MX_TIM1_Init
                0x0000000008005d60      0x158 CMakeFiles/stm32proj.elf.dir/Core/Src/tim.c.o
                0x0000000008005d60                MX_TIM1_Init
 .text.MX_TIM2_Init
                0x0000000008005eb8       0xa8 CMakeFiles/stm32proj.elf.dir/Core/Src/tim.c.o
                0x0000000008005eb8                MX_TIM2_Init
 .text.MX_TIM4_Init
                0x0000000008005f60       0xa8 CMakeFiles/stm32proj.elf.dir/Core/Src/tim.c.o
                0x0000000008005f60                MX_TIM4_Init
 .text.HAL_TIM_Base_MspInit
                0x0000000008006008       0x4c CMakeFiles/stm32proj.elf.dir/Core/Src/tim.c.o
                0x0000000008006008                HAL_TIM_Base_MspInit
 .text.HAL_TIM_Encoder_MspInit
                0x0000000008006054       0xd4 CMakeFiles/stm32proj.elf.dir/Core/Src/tim.c.o
                0x0000000008006054                HAL_TIM_Encoder_MspInit
 .text.HAL_TIM_MspPostInit
                0x0000000008006128       0x68 CMakeFiles/stm32proj.elf.dir/Core/Src/tim.c.o
                0x0000000008006128                HAL_TIM_MspPostInit
 .text.MX_USART1_UART_Init
                0x0000000008006190       0x54 CMakeFiles/stm32proj.elf.dir/Core/Src/usart.c.o
                0x0000000008006190                MX_USART1_UART_Init
 .text.MX_USART2_UART_Init
                0x00000000080061e4       0x54 CMakeFiles/stm32proj.elf.dir/Core/Src/usart.c.o
                0x00000000080061e4                MX_USART2_UART_Init
 .text.MX_USART3_UART_Init
                0x0000000008006238       0x54 CMakeFiles/stm32proj.elf.dir/Core/Src/usart.c.o
                0x0000000008006238                MX_USART3_UART_Init
 .text.HAL_UART_MspInit
                0x000000000800628c      0x23c CMakeFiles/stm32proj.elf.dir/Core/Src/usart.c.o
                0x000000000800628c                HAL_UART_MspInit
 .text.Reset_Handler
                0x00000000080064c8       0x48 CMakeFiles/stm32proj.elf.dir/Core/Startup/startup_stm32f103c8tx.s.o
                0x00000000080064c8                Reset_Handler
 .text.Default_Handler
                0x0000000008006510        0x2 CMakeFiles/stm32proj.elf.dir/Core/Startup/startup_stm32f103c8tx.s.o
                0x0000000008006510                RTC_Alarm_IRQHandler
                0x0000000008006510                EXTI2_IRQHandler
                0x0000000008006510                TIM1_CC_IRQHandler
                0x0000000008006510                PVD_IRQHandler
                0x0000000008006510                EXTI3_IRQHandler
                0x0000000008006510                EXTI0_IRQHandler
                0x0000000008006510                I2C2_EV_IRQHandler
                0x0000000008006510                ADC1_2_IRQHandler
                0x0000000008006510                SPI1_IRQHandler
                0x0000000008006510                TAMPER_IRQHandler
                0x0000000008006510                USART3_IRQHandler
                0x0000000008006510                RTC_IRQHandler
                0x0000000008006510                DMA1_Channel7_IRQHandler
                0x0000000008006510                CAN1_RX1_IRQHandler
                0x0000000008006510                TIM4_IRQHandler
                0x0000000008006510                I2C1_EV_IRQHandler
                0x0000000008006510                DMA1_Channel6_IRQHandler
                0x0000000008006510                RCC_IRQHandler
                0x0000000008006510                TIM1_TRG_COM_IRQHandler
                0x0000000008006510                DMA1_Channel1_IRQHandler
                0x0000000008006510                Default_Handler
                0x0000000008006510                EXTI15_10_IRQHandler
                0x0000000008006510                EXTI9_5_IRQHandler
                0x0000000008006510                SPI2_IRQHandler
                0x0000000008006510                EXTI4_IRQHandler
                0x0000000008006510                USB_LP_CAN1_RX0_IRQHandler
                0x0000000008006510                USB_HP_CAN1_TX_IRQHandler
                0x0000000008006510                DMA1_Channel3_IRQHandler
                0x0000000008006510                WWDG_IRQHandler
                0x0000000008006510                TIM2_IRQHandler
                0x0000000008006510                TIM1_BRK_IRQHandler
                0x0000000008006510                EXTI1_IRQHandler
                0x0000000008006510                USART2_IRQHandler
                0x0000000008006510                I2C2_ER_IRQHandler
                0x0000000008006510                DMA1_Channel2_IRQHandler
                0x0000000008006510                CAN1_SCE_IRQHandler
                0x0000000008006510                FLASH_IRQHandler
                0x0000000008006510                I2C1_ER_IRQHandler
                0x0000000008006510                USBWakeUp_IRQHandler
 *fill*         0x0000000008006512        0x2 
 .text.HAL_Init
                0x0000000008006514       0x2c libstm32xxxx_hal.a(stm32f1xx_hal.c.o)
                0x0000000008006514                HAL_Init
 .text.HAL_IncTick
                0x0000000008006540       0x24 libstm32xxxx_hal.a(stm32f1xx_hal.c.o)
                0x0000000008006540                HAL_IncTick
 .text.HAL_GetTick
                0x0000000008006564       0x14 libstm32xxxx_hal.a(stm32f1xx_hal.c.o)
                0x0000000008006564                HAL_GetTick
 .text.HAL_Delay
                0x0000000008006578       0x44 libstm32xxxx_hal.a(stm32f1xx_hal.c.o)
                0x0000000008006578                HAL_Delay
 .text.HAL_ADC_Init
                0x00000000080065bc      0x1b0 libstm32xxxx_hal.a(stm32f1xx_hal_adc.c.o)
                0x00000000080065bc                HAL_ADC_Init
 .text.HAL_ADC_Start
                0x000000000800676c      0x15c libstm32xxxx_hal.a(stm32f1xx_hal_adc.c.o)
                0x000000000800676c                HAL_ADC_Start
 .text.HAL_ADC_PollForConversion
                0x00000000080068c8      0x20c libstm32xxxx_hal.a(stm32f1xx_hal_adc.c.o)
                0x00000000080068c8                HAL_ADC_PollForConversion
 .text.HAL_ADC_GetValue
                0x0000000008006ad4       0x18 libstm32xxxx_hal.a(stm32f1xx_hal_adc.c.o)
                0x0000000008006ad4                HAL_ADC_GetValue
 .text.HAL_ADC_ConfigChannel
                0x0000000008006aec      0x1f0 libstm32xxxx_hal.a(stm32f1xx_hal_adc.c.o)
                0x0000000008006aec                HAL_ADC_ConfigChannel
 .text.HAL_ADC_GetState
                0x0000000008006cdc       0x16 libstm32xxxx_hal.a(stm32f1xx_hal_adc.c.o)
                0x0000000008006cdc                HAL_ADC_GetState
 *fill*         0x0000000008006cf2        0x2 
 .text.ADC_Enable
                0x0000000008006cf4       0xb4 libstm32xxxx_hal.a(stm32f1xx_hal_adc.c.o)
                0x0000000008006cf4                ADC_Enable
 .text.ADC_ConversionStop_Disable
                0x0000000008006da8       0x82 libstm32xxxx_hal.a(stm32f1xx_hal_adc.c.o)
                0x0000000008006da8                ADC_ConversionStop_Disable
 *fill*         0x0000000008006e2a        0x2 
 .text.__NVIC_SetPriorityGrouping
                0x0000000008006e2c       0x48 libstm32xxxx_hal.a(stm32f1xx_hal_cortex.c.o)
 .text.__NVIC_GetPriorityGrouping
                0x0000000008006e74       0x1c libstm32xxxx_hal.a(stm32f1xx_hal_cortex.c.o)
 .text.__NVIC_EnableIRQ
                0x0000000008006e90       0x38 libstm32xxxx_hal.a(stm32f1xx_hal_cortex.c.o)
 .text.__NVIC_SetPriority
                0x0000000008006ec8       0x54 libstm32xxxx_hal.a(stm32f1xx_hal_cortex.c.o)
 .text.NVIC_EncodePriority
                0x0000000008006f1c       0x60 libstm32xxxx_hal.a(stm32f1xx_hal_cortex.c.o)
 .text.HAL_NVIC_SetPriorityGrouping
                0x0000000008006f7c       0x16 libstm32xxxx_hal.a(stm32f1xx_hal_cortex.c.o)
                0x0000000008006f7c                HAL_NVIC_SetPriorityGrouping
 .text.HAL_NVIC_SetPriority
                0x0000000008006f92       0x38 libstm32xxxx_hal.a(stm32f1xx_hal_cortex.c.o)
                0x0000000008006f92                HAL_NVIC_SetPriority
 .text.HAL_NVIC_EnableIRQ
                0x0000000008006fca       0x1c libstm32xxxx_hal.a(stm32f1xx_hal_cortex.c.o)
                0x0000000008006fca                HAL_NVIC_EnableIRQ
 *fill*         0x0000000008006fe6        0x2 
 .text.HAL_DMA_Init
                0x0000000008006fe8       0xb4 libstm32xxxx_hal.a(stm32f1xx_hal_dma.c.o)
                0x0000000008006fe8                HAL_DMA_Init
 .text.HAL_DMA_Abort
                0x000000000800709c       0x74 libstm32xxxx_hal.a(stm32f1xx_hal_dma.c.o)
                0x000000000800709c                HAL_DMA_Abort
 .text.HAL_DMA_Abort_IT
                0x0000000008007110       0xf8 libstm32xxxx_hal.a(stm32f1xx_hal_dma.c.o)
                0x0000000008007110                HAL_DMA_Abort_IT
 .text.HAL_DMA_IRQHandler
                0x0000000008007208      0x224 libstm32xxxx_hal.a(stm32f1xx_hal_dma.c.o)
                0x0000000008007208                HAL_DMA_IRQHandler
 .text.HAL_GPIO_Init
                0x000000000800742c      0x2b4 libstm32xxxx_hal.a(stm32f1xx_hal_gpio.c.o)
                0x000000000800742c                HAL_GPIO_Init
 .text.HAL_GPIO_ReadPin
                0x00000000080076e0       0x2e libstm32xxxx_hal.a(stm32f1xx_hal_gpio.c.o)
                0x00000000080076e0                HAL_GPIO_ReadPin
 .text.HAL_GPIO_WritePin
                0x000000000800770e       0x30 libstm32xxxx_hal.a(stm32f1xx_hal_gpio.c.o)
                0x000000000800770e                HAL_GPIO_WritePin
 .text.HAL_GPIO_TogglePin
                0x000000000800773e       0x32 libstm32xxxx_hal.a(stm32f1xx_hal_gpio.c.o)
                0x000000000800773e                HAL_GPIO_TogglePin
 .text.HAL_I2C_Init
                0x0000000008007770      0x270 libstm32xxxx_hal.a(stm32f1xx_hal_i2c.c.o)
                0x0000000008007770                HAL_I2C_Init
 .text.HAL_I2C_Mem_Write
                0x00000000080079e0      0x1f4 libstm32xxxx_hal.a(stm32f1xx_hal_i2c.c.o)
                0x00000000080079e0                HAL_I2C_Mem_Write
 .text.HAL_I2C_Mem_Read
                0x0000000008007bd4      0x4c4 libstm32xxxx_hal.a(stm32f1xx_hal_i2c.c.o)
                0x0000000008007bd4                HAL_I2C_Mem_Read
 .text.I2C_RequestMemoryWrite
                0x0000000008008098      0x128 libstm32xxxx_hal.a(stm32f1xx_hal_i2c.c.o)
 .text.I2C_RequestMemoryRead
                0x00000000080081c0      0x1d0 libstm32xxxx_hal.a(stm32f1xx_hal_i2c.c.o)
 .text.I2C_WaitOnFlagUntilTimeout
                0x0000000008008390       0xae libstm32xxxx_hal.a(stm32f1xx_hal_i2c.c.o)
 .text.I2C_WaitOnMasterAddressFlagUntilTimeout
                0x000000000800843e       0xfe libstm32xxxx_hal.a(stm32f1xx_hal_i2c.c.o)
 .text.I2C_WaitOnTXEFlagUntilTimeout
                0x000000000800853c       0x82 libstm32xxxx_hal.a(stm32f1xx_hal_i2c.c.o)
 .text.I2C_WaitOnBTFFlagUntilTimeout
                0x00000000080085be       0x82 libstm32xxxx_hal.a(stm32f1xx_hal_i2c.c.o)
 .text.I2C_WaitOnRXNEFlagUntilTimeout
                0x0000000008008640       0xac libstm32xxxx_hal.a(stm32f1xx_hal_i2c.c.o)
 .text.I2C_IsAcknowledgeFailed
                0x00000000080086ec       0x5c libstm32xxxx_hal.a(stm32f1xx_hal_i2c.c.o)
 .text.HAL_RCC_OscConfig
                0x0000000008008748      0x500 libstm32xxxx_hal.a(stm32f1xx_hal_rcc.c.o)
                0x0000000008008748                HAL_RCC_OscConfig
 .text.HAL_RCC_ClockConfig
                0x0000000008008c48      0x1d4 libstm32xxxx_hal.a(stm32f1xx_hal_rcc.c.o)
                0x0000000008008c48                HAL_RCC_ClockConfig
 .text.HAL_RCC_GetSysClockFreq
                0x0000000008008e1c       0xc4 libstm32xxxx_hal.a(stm32f1xx_hal_rcc.c.o)
                0x0000000008008e1c                HAL_RCC_GetSysClockFreq
 .text.HAL_RCC_GetHCLKFreq
                0x0000000008008ee0       0x14 libstm32xxxx_hal.a(stm32f1xx_hal_rcc.c.o)
                0x0000000008008ee0                HAL_RCC_GetHCLKFreq
 .text.HAL_RCC_GetPCLK1Freq
                0x0000000008008ef4       0x28 libstm32xxxx_hal.a(stm32f1xx_hal_rcc.c.o)
                0x0000000008008ef4                HAL_RCC_GetPCLK1Freq
 .text.HAL_RCC_GetPCLK2Freq
                0x0000000008008f1c       0x28 libstm32xxxx_hal.a(stm32f1xx_hal_rcc.c.o)
                0x0000000008008f1c                HAL_RCC_GetPCLK2Freq
 .text.HAL_RCC_GetClockConfig
                0x0000000008008f44       0x60 libstm32xxxx_hal.a(stm32f1xx_hal_rcc.c.o)
                0x0000000008008f44                HAL_RCC_GetClockConfig
 .text.RCC_Delay
                0x0000000008008fa4       0x3c libstm32xxxx_hal.a(stm32f1xx_hal_rcc.c.o)
 .text.HAL_RCCEx_PeriphCLKConfig
                0x0000000008008fe0      0x16c libstm32xxxx_hal.a(stm32f1xx_hal_rcc_ex.c.o)
                0x0000000008008fe0                HAL_RCCEx_PeriphCLKConfig
 .text.HAL_RCCEx_GetPeriphCLKFreq
                0x000000000800914c      0x178 libstm32xxxx_hal.a(stm32f1xx_hal_rcc_ex.c.o)
                0x000000000800914c                HAL_RCCEx_GetPeriphCLKFreq
 .text.HAL_TIM_Base_Init
                0x00000000080092c4       0x9e libstm32xxxx_hal.a(stm32f1xx_hal_tim.c.o)
                0x00000000080092c4                HAL_TIM_Base_Init
 *fill*         0x0000000008009362        0x2 
 .text.HAL_TIM_Base_Start_IT
                0x0000000008009364       0xa4 libstm32xxxx_hal.a(stm32f1xx_hal_tim.c.o)
                0x0000000008009364                HAL_TIM_Base_Start_IT
 .text.HAL_TIM_PWM_Init
                0x0000000008009408       0x9e libstm32xxxx_hal.a(stm32f1xx_hal_tim.c.o)
                0x0000000008009408                HAL_TIM_PWM_Init
 .text.HAL_TIM_PWM_MspInit
                0x00000000080094a6       0x12 libstm32xxxx_hal.a(stm32f1xx_hal_tim.c.o)
                0x00000000080094a6                HAL_TIM_PWM_MspInit
 .text.HAL_TIM_PWM_Start
                0x00000000080094b8      0x144 libstm32xxxx_hal.a(stm32f1xx_hal_tim.c.o)
                0x00000000080094b8                HAL_TIM_PWM_Start
 .text.HAL_TIM_Encoder_Init
                0x00000000080095fc      0x144 libstm32xxxx_hal.a(stm32f1xx_hal_tim.c.o)
                0x00000000080095fc                HAL_TIM_Encoder_Init
 .text.HAL_TIM_Encoder_Start
                0x0000000008009740      0x11a libstm32xxxx_hal.a(stm32f1xx_hal_tim.c.o)
                0x0000000008009740                HAL_TIM_Encoder_Start
 .text.HAL_TIM_IRQHandler
                0x000000000800985a      0x210 libstm32xxxx_hal.a(stm32f1xx_hal_tim.c.o)
                0x000000000800985a                HAL_TIM_IRQHandler
 *fill*         0x0000000008009a6a        0x2 
 .text.HAL_TIM_PWM_ConfigChannel
                0x0000000008009a6c      0x17c libstm32xxxx_hal.a(stm32f1xx_hal_tim.c.o)
                0x0000000008009a6c                HAL_TIM_PWM_ConfigChannel
 .text.HAL_TIM_ConfigClockSource
                0x0000000008009be8      0x16e libstm32xxxx_hal.a(stm32f1xx_hal_tim.c.o)
                0x0000000008009be8                HAL_TIM_ConfigClockSource
 .text.HAL_TIM_OC_DelayElapsedCallback
                0x0000000008009d56       0x12 libstm32xxxx_hal.a(stm32f1xx_hal_tim.c.o)
                0x0000000008009d56                HAL_TIM_OC_DelayElapsedCallback
 .text.HAL_TIM_IC_CaptureCallback
                0x0000000008009d68       0x12 libstm32xxxx_hal.a(stm32f1xx_hal_tim.c.o)
                0x0000000008009d68                HAL_TIM_IC_CaptureCallback
 .text.HAL_TIM_PWM_PulseFinishedCallback
                0x0000000008009d7a       0x12 libstm32xxxx_hal.a(stm32f1xx_hal_tim.c.o)
                0x0000000008009d7a                HAL_TIM_PWM_PulseFinishedCallback
 .text.HAL_TIM_TriggerCallback
                0x0000000008009d8c       0x12 libstm32xxxx_hal.a(stm32f1xx_hal_tim.c.o)
                0x0000000008009d8c                HAL_TIM_TriggerCallback
 *fill*         0x0000000008009d9e        0x2 
 .text.TIM_Base_SetConfig
                0x0000000008009da0       0xc4 libstm32xxxx_hal.a(stm32f1xx_hal_tim.c.o)
                0x0000000008009da0                TIM_Base_SetConfig
 .text.TIM_OC1_SetConfig
                0x0000000008009e64       0xcc libstm32xxxx_hal.a(stm32f1xx_hal_tim.c.o)
 .text.TIM_OC2_SetConfig
                0x0000000008009f30       0xd4 libstm32xxxx_hal.a(stm32f1xx_hal_tim.c.o)
                0x0000000008009f30                TIM_OC2_SetConfig
 .text.TIM_OC3_SetConfig
                0x000000000800a004       0xd4 libstm32xxxx_hal.a(stm32f1xx_hal_tim.c.o)
 .text.TIM_OC4_SetConfig
                0x000000000800a0d8       0x9c libstm32xxxx_hal.a(stm32f1xx_hal_tim.c.o)
 .text.TIM_TI1_ConfigInputStage
                0x000000000800a174       0x5c libstm32xxxx_hal.a(stm32f1xx_hal_tim.c.o)
 .text.TIM_TI2_ConfigInputStage
                0x000000000800a1d0       0x5e libstm32xxxx_hal.a(stm32f1xx_hal_tim.c.o)
 .text.TIM_ITRx_SetConfig
                0x000000000800a22e       0x34 libstm32xxxx_hal.a(stm32f1xx_hal_tim.c.o)
 .text.TIM_ETR_SetConfig
                0x000000000800a262       0x3e libstm32xxxx_hal.a(stm32f1xx_hal_tim.c.o)
                0x000000000800a262                TIM_ETR_SetConfig
 .text.TIM_CCxChannelCmd
                0x000000000800a2a0       0x48 libstm32xxxx_hal.a(stm32f1xx_hal_tim.c.o)
                0x000000000800a2a0                TIM_CCxChannelCmd
 .text.HAL_TIMEx_MasterConfigSynchronization
                0x000000000800a2e8       0xbc libstm32xxxx_hal.a(stm32f1xx_hal_tim_ex.c.o)
                0x000000000800a2e8                HAL_TIMEx_MasterConfigSynchronization
 .text.HAL_TIMEx_ConfigBreakDeadTime
                0x000000000800a3a4       0xa2 libstm32xxxx_hal.a(stm32f1xx_hal_tim_ex.c.o)
                0x000000000800a3a4                HAL_TIMEx_ConfigBreakDeadTime
 .text.HAL_TIMEx_CommutCallback
                0x000000000800a446       0x12 libstm32xxxx_hal.a(stm32f1xx_hal_tim_ex.c.o)
                0x000000000800a446                HAL_TIMEx_CommutCallback
 .text.HAL_TIMEx_BreakCallback
                0x000000000800a458       0x12 libstm32xxxx_hal.a(stm32f1xx_hal_tim_ex.c.o)
                0x000000000800a458                HAL_TIMEx_BreakCallback
 .text.HAL_UART_Init
                0x000000000800a46a       0x9a libstm32xxxx_hal.a(stm32f1xx_hal_uart.c.o)
                0x000000000800a46a                HAL_UART_Init
 .text.HAL_UART_IRQHandler
                0x000000000800a504      0x358 libstm32xxxx_hal.a(stm32f1xx_hal_uart.c.o)
                0x000000000800a504                HAL_UART_IRQHandler
 .text.HAL_UART_TxCpltCallback
                0x000000000800a85c       0x12 libstm32xxxx_hal.a(stm32f1xx_hal_uart.c.o)
                0x000000000800a85c                HAL_UART_TxCpltCallback
 .text.HAL_UART_RxCpltCallback
                0x000000000800a86e       0x12 libstm32xxxx_hal.a(stm32f1xx_hal_uart.c.o)
                0x000000000800a86e                HAL_UART_RxCpltCallback
 .text.HAL_UART_ErrorCallback
                0x000000000800a880       0x12 libstm32xxxx_hal.a(stm32f1xx_hal_uart.c.o)
                0x000000000800a880                HAL_UART_ErrorCallback
 .text.HAL_UARTEx_RxEventCallback
                0x000000000800a892       0x16 libstm32xxxx_hal.a(stm32f1xx_hal_uart.c.o)
                0x000000000800a892                HAL_UARTEx_RxEventCallback
 .text.UART_EndRxTransfer
                0x000000000800a8a8       0x58 libstm32xxxx_hal.a(stm32f1xx_hal_uart.c.o)
 .text.UART_DMAAbortOnError
                0x000000000800a900       0x28 libstm32xxxx_hal.a(stm32f1xx_hal_uart.c.o)
 .text.UART_Transmit_IT
                0x000000000800a928       0x9c libstm32xxxx_hal.a(stm32f1xx_hal_uart.c.o)
 .text.UART_EndTransmit_IT
                0x000000000800a9c4       0x30 libstm32xxxx_hal.a(stm32f1xx_hal_uart.c.o)
 .text.UART_Receive_IT
                0x000000000800a9f4      0x152 libstm32xxxx_hal.a(stm32f1xx_hal_uart.c.o)
 *fill*         0x000000000800ab46        0x2 
 .text.UART_SetConfig
                0x000000000800ab48      0x11c libstm32xxxx_hal.a(stm32f1xx_hal_uart.c.o)
 .text.makeFreeRtosPriority
                0x000000000800ac64       0x2e libfreertos_lib.a(cmsis_os.c.o)
 .text.osKernelStart
                0x000000000800ac92        0xe libfreertos_lib.a(cmsis_os.c.o)
                0x000000000800ac92                osKernelStart
 .text.osThreadCreate
                0x000000000800aca0       0x98 libfreertos_lib.a(cmsis_os.c.o)
                0x000000000800aca0                osThreadCreate
 .text.osDelay  0x000000000800ad38       0x28 libfreertos_lib.a(cmsis_os.c.o)
                0x000000000800ad38                osDelay
 .text.pvPortMalloc
                0x000000000800ad60      0x184 libfreertos_lib.a(heap_4.c.o)
                0x000000000800ad60                pvPortMalloc
 .text.vPortFree
                0x000000000800aee4       0xb0 libfreertos_lib.a(heap_4.c.o)
                0x000000000800aee4                vPortFree
 .text.prvHeapInit
                0x000000000800af94       0xc4 libfreertos_lib.a(heap_4.c.o)
 .text.prvInsertBlockIntoFreeList
                0x000000000800b058       0xb0 libfreertos_lib.a(heap_4.c.o)
 .text.pxPortInitialiseStack
                0x000000000800b108       0x58 libfreertos_lib.a(port.c.o)
                0x000000000800b108                pxPortInitialiseStack
 .text.prvTaskExitError
                0x000000000800b160       0x50 libfreertos_lib.a(port.c.o)
 .text.SVC_Handler
                0x000000000800b1b0       0x28 libfreertos_lib.a(port.c.o)
                0x000000000800b1b0                SVC_Handler
 .text.prvPortStartFirstTask
                0x000000000800b1d8       0x20 libfreertos_lib.a(port.c.o)
 .text.xPortStartScheduler
                0x000000000800b1f8       0xe0 libfreertos_lib.a(port.c.o)
                0x000000000800b1f8                xPortStartScheduler
 .text.vPortEnterCritical
                0x000000000800b2d8       0x5c libfreertos_lib.a(port.c.o)
                0x000000000800b2d8                vPortEnterCritical
 .text.vPortExitCritical
                0x000000000800b334       0x4c libfreertos_lib.a(port.c.o)
                0x000000000800b334                vPortExitCritical
 .text.PendSV_Handler
                0x000000000800b380       0x48 libfreertos_lib.a(port.c.o)
                0x000000000800b380                PendSV_Handler
 .text.SysTick_Handler
                0x000000000800b3c8       0x40 libfreertos_lib.a(port.c.o)
                0x000000000800b3c8                SysTick_Handler
 .text.vPortSetupTimerInterrupt
                0x000000000800b408       0x44 libfreertos_lib.a(port.c.o)
                0x000000000800b408                vPortSetupTimerInterrupt
 .text.xTaskCreateStatic
                0x000000000800b44c       0xb2 libfreertos_lib.a(tasks.c.o)
                0x000000000800b44c                xTaskCreateStatic
 .text.xTaskCreate
                0x000000000800b4fe       0x8a libfreertos_lib.a(tasks.c.o)
                0x000000000800b4fe                xTaskCreate
 .text.prvInitialiseNewTask
                0x000000000800b588       0xfc libfreertos_lib.a(tasks.c.o)
 .text.prvAddNewTaskToReadyList
                0x000000000800b684       0xd4 libfreertos_lib.a(tasks.c.o)
 .text.vTaskDelay
                0x000000000800b758       0x68 libfreertos_lib.a(tasks.c.o)
                0x000000000800b758                vTaskDelay
 .text.vTaskStartScheduler
                0x000000000800b7c0       0xbc libfreertos_lib.a(tasks.c.o)
                0x000000000800b7c0                vTaskStartScheduler
 .text.vTaskSuspendAll
                0x000000000800b87c       0x1c libfreertos_lib.a(tasks.c.o)
                0x000000000800b87c                vTaskSuspendAll
 .text.xTaskResumeAll
                0x000000000800b898      0x138 libfreertos_lib.a(tasks.c.o)
                0x000000000800b898                xTaskResumeAll
 .text.xTaskIncrementTick
                0x000000000800b9d0      0x178 libfreertos_lib.a(tasks.c.o)
                0x000000000800b9d0                xTaskIncrementTick
 .text.vTaskSwitchContext
                0x000000000800bb48       0xb4 libfreertos_lib.a(tasks.c.o)
                0x000000000800bb48                vTaskSwitchContext
 .text.prvIdleTask
                0x000000000800bbfc       0x30 libfreertos_lib.a(tasks.c.o)
 .text.prvInitialiseTaskLists
                0x000000000800bc2c       0x80 libfreertos_lib.a(tasks.c.o)
 .text.prvCheckTasksWaitingTermination
                0x000000000800bcac       0x58 libfreertos_lib.a(tasks.c.o)
 .text.prvDeleteTCB
                0x000000000800bd04       0x5c libfreertos_lib.a(tasks.c.o)
 .text.prvResetNextTaskUnblockTime
                0x000000000800bd60       0x48 libfreertos_lib.a(tasks.c.o)
 .text.prvAddCurrentTaskToDelayedList
                0x000000000800bda8       0xcc libfreertos_lib.a(tasks.c.o)
 .text.vListInitialise
                0x000000000800be74       0x3e libfreertos_lib.a(list.c.o)
                0x000000000800be74                vListInitialise
 .text.vListInitialiseItem
                0x000000000800beb2       0x18 libfreertos_lib.a(list.c.o)
                0x000000000800beb2                vListInitialiseItem
 .text.vListInsertEnd
                0x000000000800beca       0x46 libfreertos_lib.a(list.c.o)
                0x000000000800beca                vListInsertEnd
 .text.vListInsert
                0x000000000800bf10       0x70 libfreertos_lib.a(list.c.o)
                0x000000000800bf10                vListInsert
 .text.uxListRemove
                0x000000000800bf80       0x52 libfreertos_lib.a(list.c.o)
                0x000000000800bf80                uxListRemove
 *(.glue_7)
 .glue_7        0x000000000800bfd2        0x0 linker stubs
 *(.glue_7t)
 .glue_7t       0x000000000800bfd2        0x0 linker stubs
 *(.eh_frame)
 *fill*         0x000000000800bfd2        0x2 
 .eh_frame      0x000000000800bfd4        0x0 /usr/lib/gcc/arm-none-eabi/6.3.1/thumb/v7-m/crtbegin.o
 *(.init)
 .init          0x000000000800bfd4        0x4 /usr/lib/gcc/arm-none-eabi/6.3.1/thumb/v7-m/crti.o
                0x000000000800bfd4                _init
 .init          0x000000000800bfd8        0x8 /usr/lib/gcc/arm-none-eabi/6.3.1/thumb/v7-m/crtn.o
 *(.fini)
 .fini          0x000000000800bfe0        0x4 /usr/lib/gcc/arm-none-eabi/6.3.1/thumb/v7-m/crti.o
                0x000000000800bfe0                _fini
 .fini          0x000000000800bfe4        0x8 /usr/lib/gcc/arm-none-eabi/6.3.1/thumb/v7-m/crtn.o
                0x000000000800bfec                . = ALIGN (0x4)
                0x000000000800bfec                _etext = .

.vfp11_veneer   0x000000000800bfec        0x0
 .vfp11_veneer  0x000000000800bfec        0x0 linker stubs

.v4_bx          0x000000000800bfec        0x0
 .v4_bx         0x000000000800bfec        0x0 linker stubs

.iplt           0x000000000800bfec        0x0
 .iplt          0x000000000800bfec        0x0 /usr/lib/gcc/arm-none-eabi/6.3.1/thumb/v7-m/crtbegin.o

.rodata         0x000000000800bff0      0xd70
                0x000000000800bff0                . = ALIGN (0x4)
 *(.rodata)
 .rodata        0x000000000800bff0       0x50 CMakeFiles/stm32proj.elf.dir/Core/Src/freertos.c.o
 .rodata        0x000000000800c040       0x4b CMakeFiles/stm32proj.elf.dir/Core/Src/inv_mpu_dmp_motion_driver.c.o
 *fill*         0x000000000800c08b        0x1 
 .rodata        0x000000000800c08c       0x12 libstm32xxxx_hal.a(stm32f1xx_hal_rcc.c.o)
 *fill*         0x000000000800c09e        0x2 
 .rodata        0x000000000800c0a0       0x12 libstm32xxxx_hal.a(stm32f1xx_hal_rcc_ex.c.o)
 *fill*         0x000000000800c0b2        0x2 
 .rodata        0x000000000800c0b4        0x5 libfreertos_lib.a(tasks.c.o)
 *fill*         0x000000000800c0b9        0x7 
 .rodata        0x000000000800c0c0       0x40 /usr/lib/gcc/arm-none-eabi/6.3.1/../../../arm-none-eabi/lib/thumb/v7-m/libm.a(lib_a-s_atan.o)
 *(.rodata*)
 .rodata.hw     0x000000000800c100        0xc CMakeFiles/stm32proj.elf.dir/Core/Src/inv_mpu.c.o
                0x000000000800c100                hw
 .rodata.reg    0x000000000800c10c       0x1b CMakeFiles/stm32proj.elf.dir/Core/Src/inv_mpu.c.o
                0x000000000800c10c                reg
 *fill*         0x000000000800c127        0x1 
 .rodata.test   0x000000000800c128       0x28 CMakeFiles/stm32proj.elf.dir/Core/Src/inv_mpu.c.o
                0x000000000800c128                test
 .rodata.dmp_memory
                0x000000000800c150      0xbf6 CMakeFiles/stm32proj.elf.dir/Core/Src/inv_mpu_dmp_motion_driver.c.o
 *fill*         0x000000000800cd46        0x2 
 .rodata.AHBPrescTable
                0x000000000800cd48       0x10 CMakeFiles/stm32proj.elf.dir/Core/Src/system_stm32f1xx.c.o
                0x000000000800cd48                AHBPrescTable
 .rodata.APBPrescTable
                0x000000000800cd58        0x8 CMakeFiles/stm32proj.elf.dir/Core/Src/system_stm32f1xx.c.o
                0x000000000800cd58                APBPrescTable
                0x000000000800cd60                . = ALIGN (0x4)

.ARM.extab      0x000000000800cd60        0x0
                0x000000000800cd60                . = ALIGN (0x4)
 *(.ARM.extab* .gnu.linkonce.armextab.*)
                0x000000000800cd60                . = ALIGN (0x4)

.ARM            0x000000000800cd60        0x8
                0x000000000800cd60                . = ALIGN (0x4)
                0x000000000800cd60                __exidx_start = .
 *(.ARM.exidx*)
 .ARM.exidx     0x000000000800cd60        0x8 /usr/lib/gcc/arm-none-eabi/6.3.1/thumb/v7-m/libgcc.a(_udivmoddi4.o)
                0x000000000800cd68                __exidx_end = .
                0x000000000800cd68                . = ALIGN (0x4)

.rel.dyn        0x000000000800cd68        0x0
 .rel.iplt      0x000000000800cd68        0x0 /usr/lib/gcc/arm-none-eabi/6.3.1/thumb/v7-m/crtbegin.o

.preinit_array  0x000000000800cd68        0x0
                0x000000000800cd68                . = ALIGN (0x4)
                0x000000000800cd68                PROVIDE (__preinit_array_start, .)
 *(.preinit_array*)
                0x000000000800cd68                PROVIDE (__preinit_array_end, .)
                0x000000000800cd68                . = ALIGN (0x4)

.init_array     0x000000000800cd68        0x4
                0x000000000800cd68                . = ALIGN (0x4)
                0x000000000800cd68                PROVIDE (__init_array_start, .)
 *(SORT(.init_array.*))
 *(.init_array*)
 .init_array    0x000000000800cd68        0x4 /usr/lib/gcc/arm-none-eabi/6.3.1/thumb/v7-m/crtbegin.o
                0x000000000800cd6c                PROVIDE (__init_array_end, .)
                0x000000000800cd6c                . = ALIGN (0x4)

.fini_array     0x000000000800cd6c        0x4
                0x000000000800cd6c                . = ALIGN (0x4)
                0x000000000800cd6c                PROVIDE (__fini_array_start, .)
 *(SORT(.fini_array.*))
 *(.fini_array*)
 .fini_array    0x000000000800cd6c        0x4 /usr/lib/gcc/arm-none-eabi/6.3.1/thumb/v7-m/crtbegin.o
                0x000000000800cd70                PROVIDE (__fini_array_end, .)
                0x000000000800cd70                . = ALIGN (0x4)
                0x000000000800cd70                _sidata = LOADADDR (.data)

.data           0x0000000020000000       0x70 load address 0x000000000800cd70
                0x0000000020000000                . = ALIGN (0x4)
                0x0000000020000000                _sdata = .
 *(.data)
 *(.data*)
 .data.gyro_orientation
                0x0000000020000000        0x9 CMakeFiles/stm32proj.elf.dir/Core/Src/MPU6050.c.o
 *fill*         0x0000000020000009        0x3 
 .data.Q_angle  0x000000002000000c        0x4 CMakeFiles/stm32proj.elf.dir/Core/Src/filter.c.o
                0x000000002000000c                Q_angle
 .data.Q_gyro   0x0000000020000010        0x4 CMakeFiles/stm32proj.elf.dir/Core/Src/filter.c.o
                0x0000000020000010                Q_gyro
 .data.R_angle  0x0000000020000014        0x4 CMakeFiles/stm32proj.elf.dir/Core/Src/filter.c.o
                0x0000000020000014                R_angle
 .data.dt       0x0000000020000018        0x4 CMakeFiles/stm32proj.elf.dir/Core/Src/filter.c.o
                0x0000000020000018                dt
 .data.C_0      0x000000002000001c        0x1 CMakeFiles/stm32proj.elf.dir/Core/Src/filter.c.o
                0x000000002000001c                C_0
 *fill*         0x000000002000001d        0x3 
 .data.PP       0x0000000020000020       0x10 CMakeFiles/stm32proj.elf.dir/Core/Src/filter.c.o
                0x0000000020000020                PP
 .data.st       0x0000000020000030       0x2c CMakeFiles/stm32proj.elf.dir/Core/Src/inv_mpu.c.o
 .data.flag_stop
                0x000000002000005c        0x1 CMakeFiles/stm32proj.elf.dir/Core/Src/main.c.o
                0x000000002000005c                flag_stop
 *fill*         0x000000002000005d        0x3 
 .data.SystemCoreClock
                0x0000000020000060        0x4 CMakeFiles/stm32proj.elf.dir/Core/Src/system_stm32f1xx.c.o
                0x0000000020000060                SystemCoreClock
 .data.uwTickPrio
                0x0000000020000064        0x4 libstm32xxxx_hal.a(stm32f1xx_hal.c.o)
                0x0000000020000064                uwTickPrio
 .data.uwTickFreq
                0x0000000020000068        0x1 libstm32xxxx_hal.a(stm32f1xx_hal.c.o)
                0x0000000020000068                uwTickFreq
 *fill*         0x0000000020000069        0x3 
 .data.uxCriticalNesting
                0x000000002000006c        0x4 libfreertos_lib.a(port.c.o)
 *(.RamFunc)
 *(.RamFunc*)
                0x0000000020000070                . = ALIGN (0x4)
                0x0000000020000070                _edata = .

.jcr            0x0000000020000070        0x0 load address 0x000000000800cde0
 .jcr           0x0000000020000070        0x0 /usr/lib/gcc/arm-none-eabi/6.3.1/thumb/v7-m/crtbegin.o

.tm_clone_table
                0x0000000020000070        0x0 load address 0x000000000800cde0
 .tm_clone_table
                0x0000000020000070        0x0 /usr/lib/gcc/arm-none-eabi/6.3.1/thumb/v7-m/crtbegin.o
 .tm_clone_table
                0x0000000020000070        0x0 /usr/lib/gcc/arm-none-eabi/6.3.1/thumb/v7-m/crtend.o

.igot.plt       0x0000000020000070        0x0 load address 0x000000000800cde0
 .igot.plt      0x0000000020000070        0x0 /usr/lib/gcc/arm-none-eabi/6.3.1/thumb/v7-m/crtbegin.o
                0x0000000020000070                . = ALIGN (0x4)

.bss            0x0000000020000070     0x1360 load address 0x000000000800cde0
                0x0000000020000070                _sbss = .
                0x0000000020000070                __bss_start__ = _sbss
 *(.bss)
 .bss           0x0000000020000070       0x1c /usr/lib/gcc/arm-none-eabi/6.3.1/thumb/v7-m/crtbegin.o
 *(.bss*)
 .bss.Pdot      0x000000002000008c       0x10 CMakeFiles/stm32proj.elf.dir/Core/Src/filter.c.o
                0x000000002000008c                Pdot
 .bss.xIdleTaskTCBBuffer
                0x000000002000009c       0x54 CMakeFiles/stm32proj.elf.dir/Core/Src/freertos.c.o
 .bss.xIdleStack
                0x00000000200000f0      0x200 CMakeFiles/stm32proj.elf.dir/Core/Src/freertos.c.o
 .bss.dmp       0x00000000200002f0       0x10 CMakeFiles/stm32proj.elf.dir/Core/Src/inv_mpu_dmp_motion_driver.c.o
 .bss.Movement.7813
                0x0000000020000300        0x4 CMakeFiles/stm32proj.elf.dir/Core/Src/libmotot.c.o
 .bss.Encoder.7812
                0x0000000020000304        0x4 CMakeFiles/stm32proj.elf.dir/Core/Src/libmotot.c.o
 .bss.Velocity.7811
                0x0000000020000308        0x4 CMakeFiles/stm32proj.elf.dir/Core/Src/libmotot.c.o
 .bss.div_cnt.8694
                0x000000002000030c        0x2 CMakeFiles/stm32proj.elf.dir/Core/Src/main.c.o
 *fill*         0x000000002000030e        0x2 
 .bss.ucHeap    0x0000000020000310      0xc00 libfreertos_lib.a(heap_4.c.o)
 .bss.xStart    0x0000000020000f10        0x8 libfreertos_lib.a(heap_4.c.o)
 .bss.pxEnd     0x0000000020000f18        0x4 libfreertos_lib.a(heap_4.c.o)
 .bss.xFreeBytesRemaining
                0x0000000020000f1c        0x4 libfreertos_lib.a(heap_4.c.o)
 .bss.xMinimumEverFreeBytesRemaining
                0x0000000020000f20        0x4 libfreertos_lib.a(heap_4.c.o)
 .bss.xBlockAllocatedBit
                0x0000000020000f24        0x4 libfreertos_lib.a(heap_4.c.o)
 .bss.ucMaxSysCallPriority
                0x0000000020000f28        0x1 libfreertos_lib.a(port.c.o)
 *fill*         0x0000000020000f29        0x3 
 .bss.ulMaxPRIGROUPValue
                0x0000000020000f2c        0x4 libfreertos_lib.a(port.c.o)
 .bss.pxCurrentTCB
                0x0000000020000f30        0x4 libfreertos_lib.a(tasks.c.o)
                0x0000000020000f30                pxCurrentTCB
 .bss.pxReadyTasksLists
                0x0000000020000f34       0x8c libfreertos_lib.a(tasks.c.o)
 .bss.xDelayedTaskList1
                0x0000000020000fc0       0x14 libfreertos_lib.a(tasks.c.o)
 .bss.xDelayedTaskList2
                0x0000000020000fd4       0x14 libfreertos_lib.a(tasks.c.o)
 .bss.pxDelayedTaskList
                0x0000000020000fe8        0x4 libfreertos_lib.a(tasks.c.o)
 .bss.pxOverflowDelayedTaskList
                0x0000000020000fec        0x4 libfreertos_lib.a(tasks.c.o)
 .bss.xPendingReadyList
                0x0000000020000ff0       0x14 libfreertos_lib.a(tasks.c.o)
 .bss.xTasksWaitingTermination
                0x0000000020001004       0x14 libfreertos_lib.a(tasks.c.o)
 .bss.uxDeletedTasksWaitingCleanUp
                0x0000000020001018        0x4 libfreertos_lib.a(tasks.c.o)
 .bss.xSuspendedTaskList
                0x000000002000101c       0x14 libfreertos_lib.a(tasks.c.o)
 .bss.uxCurrentNumberOfTasks
                0x0000000020001030        0x4 libfreertos_lib.a(tasks.c.o)
 .bss.xTickCount
                0x0000000020001034        0x4 libfreertos_lib.a(tasks.c.o)
 .bss.uxTopReadyPriority
                0x0000000020001038        0x4 libfreertos_lib.a(tasks.c.o)
 .bss.xSchedulerRunning
                0x000000002000103c        0x4 libfreertos_lib.a(tasks.c.o)
 .bss.uxPendedTicks
                0x0000000020001040        0x4 libfreertos_lib.a(tasks.c.o)
 .bss.xYieldPending
                0x0000000020001044        0x4 libfreertos_lib.a(tasks.c.o)
 .bss.xNumOfOverflows
                0x0000000020001048        0x4 libfreertos_lib.a(tasks.c.o)
 .bss.uxTaskNumber
                0x000000002000104c        0x4 libfreertos_lib.a(tasks.c.o)
 .bss.xNextTaskUnblockTime
                0x0000000020001050        0x4 libfreertos_lib.a(tasks.c.o)
 .bss.xIdleTaskHandle
                0x0000000020001054        0x4 libfreertos_lib.a(tasks.c.o)
 .bss.uxSchedulerSuspended
                0x0000000020001058        0x4 libfreertos_lib.a(tasks.c.o)
 *(COMMON)
 COMMON         0x000000002000105c       0x30 CMakeFiles/stm32proj.elf.dir/Core/Src/adc.c.o
                0x000000002000105c                hadc1
 COMMON         0x000000002000108c       0x2c CMakeFiles/stm32proj.elf.dir/Core/Src/filter.c.o
                0x000000002000108c                Q_bias
                0x0000000020001090                t_1
                0x0000000020001094                angle_dot
                0x0000000020001098                t_0
                0x000000002000109c                PCt_0
                0x00000000200010a0                angle
                0x00000000200010a4                PCt_1
                0x00000000200010a8                Angle_err
                0x00000000200010ac                K_1
                0x00000000200010b0                E
                0x00000000200010b4                K_0
 COMMON         0x00000000200010b8       0x12 CMakeFiles/stm32proj.elf.dir/Core/Src/freertos.c.o
                0x00000000200010b8                defaultTaskHandle
                0x00000000200010bc                Temperature
                0x00000000200010c0                test_16
                0x00000000200010c2                battery_adc
                0x00000000200010c4                nonblockHandle
                0x00000000200010c8                battery_volt
 *fill*         0x00000000200010ca        0x2 
 COMMON         0x00000000200010cc       0x54 CMakeFiles/stm32proj.elf.dir/Core/Src/i2c.c.o
                0x00000000200010cc                hi2c1
 COMMON         0x0000000020001120       0x11 CMakeFiles/stm32proj.elf.dir/Core/Src/libmotot.c.o
                0x0000000020001120                Flag_Qian
                0x0000000020001124                Encoder_Integral
                0x0000000020001128                Flag_Left
                0x000000002000112a                Target_Velocity
                0x000000002000112c                Flag_Right
                0x000000002000112e                Turn_Amplitude
                0x0000000020001130                Flag_Hou
 *fill*         0x0000000020001131        0x3 
 COMMON         0x0000000020001134       0x24 CMakeFiles/stm32proj.elf.dir/Core/Src/main.c.o
                0x0000000020001134                Moto1
                0x0000000020001138                Gyro_Turn
                0x000000002000113c                Encoder_Right
                0x0000000020001140                Moto2
                0x0000000020001144                Angle_Balance
                0x0000000020001148                Encoder_Left
                0x000000002000114c                Acceleration_Z
                0x0000000020001150                Gyro_Balance
                0x0000000020001154                Balance_Pwm
 COMMON         0x0000000020001158       0x48 CMakeFiles/stm32proj.elf.dir/Core/Src/stm32f1xx_hal_timebase_tim.c.o
                0x0000000020001158                htim3
 COMMON         0x00000000200011a0       0xd8 CMakeFiles/stm32proj.elf.dir/Core/Src/tim.c.o
                0x00000000200011a0                htim4
                0x00000000200011e8                htim1
                0x0000000020001230                htim2
 COMMON         0x0000000020001278      0x154 CMakeFiles/stm32proj.elf.dir/Core/Src/usart.c.o
                0x0000000020001278                huart3
                0x00000000200012bc                hdma_usart1_tx
                0x0000000020001300                hdma_usart1_rx
                0x0000000020001344                huart1
                0x0000000020001388                huart2
 COMMON         0x00000000200013cc        0x4 libstm32xxxx_hal.a(stm32f1xx_hal.c.o)
                0x00000000200013cc                uwTick
                0x00000000200013d0                . = ALIGN (0x4)
                0x00000000200013d0                _ebss = .
                0x00000000200013d0                __bss_end__ = _ebss

._user_heap_stack
                0x00000000200013d0      0x600 load address 0x000000000800cde0
                0x00000000200013d0                . = ALIGN (0x8)
                [!provide]                        PROVIDE (end, .)
                0x00000000200013d0                PROVIDE (_end, .)
                0x00000000200015d0                . = (. + _Min_Heap_Size)
 *fill*         0x00000000200013d0      0x200 
                0x00000000200019d0                . = (. + _Min_Stack_Size)
 *fill*         0x00000000200015d0      0x400 
                0x00000000200019d0                . = ALIGN (0x8)

/DISCARD/
 libc.a(*)
 libm.a(*)
 libgcc.a(*)

.ARM.attributes
                0x0000000000000000       0x29
 *(.ARM.attributes)
 .ARM.attributes
                0x0000000000000000       0x1d /usr/lib/gcc/arm-none-eabi/6.3.1/thumb/v7-m/crti.o
 .ARM.attributes
                0x000000000000001d       0x2d /usr/lib/gcc/arm-none-eabi/6.3.1/thumb/v7-m/crtbegin.o
 .ARM.attributes
                0x000000000000004a       0x33 CMakeFiles/stm32proj.elf.dir/Core/Src/MPU6050.c.o
 .ARM.attributes
                0x000000000000007d       0x33 CMakeFiles/stm32proj.elf.dir/Core/Src/adc.c.o
 .ARM.attributes
                0x00000000000000b0       0x33 CMakeFiles/stm32proj.elf.dir/Core/Src/dma.c.o
 .ARM.attributes
                0x00000000000000e3       0x33 CMakeFiles/stm32proj.elf.dir/Core/Src/filter.c.o
 .ARM.attributes
                0x0000000000000116       0x33 CMakeFiles/stm32proj.elf.dir/Core/Src/freertos.c.o
 .ARM.attributes
                0x0000000000000149       0x33 CMakeFiles/stm32proj.elf.dir/Core/Src/gpio.c.o
 .ARM.attributes
                0x000000000000017c       0x33 CMakeFiles/stm32proj.elf.dir/Core/Src/i2c.c.o
 .ARM.attributes
                0x00000000000001af       0x33 CMakeFiles/stm32proj.elf.dir/Core/Src/inv_mpu.c.o
 .ARM.attributes
                0x00000000000001e2       0x33 CMakeFiles/stm32proj.elf.dir/Core/Src/inv_mpu_dmp_motion_driver.c.o
 .ARM.attributes
                0x0000000000000215       0x33 CMakeFiles/stm32proj.elf.dir/Core/Src/layerCompati_i2c.c.o
 .ARM.attributes
                0x0000000000000248       0x33 CMakeFiles/stm32proj.elf.dir/Core/Src/libmotot.c.o
 .ARM.attributes
                0x000000000000027b       0x33 CMakeFiles/stm32proj.elf.dir/Core/Src/main.c.o
 .ARM.attributes
                0x00000000000002ae       0x33 CMakeFiles/stm32proj.elf.dir/Core/Src/stm32f1xx_hal_msp.c.o
 .ARM.attributes
                0x00000000000002e1       0x33 CMakeFiles/stm32proj.elf.dir/Core/Src/stm32f1xx_hal_timebase_tim.c.o
 .ARM.attributes
                0x0000000000000314       0x33 CMakeFiles/stm32proj.elf.dir/Core/Src/stm32f1xx_it.c.o
 .ARM.attributes
                0x0000000000000347       0x33 CMakeFiles/stm32proj.elf.dir/Core/Src/system_stm32f1xx.c.o
 .ARM.attributes
                0x000000000000037a       0x33 CMakeFiles/stm32proj.elf.dir/Core/Src/tim.c.o
 .ARM.attributes
                0x00000000000003ad       0x33 CMakeFiles/stm32proj.elf.dir/Core/Src/usart.c.o
 .ARM.attributes
                0x00000000000003e0       0x21 CMakeFiles/stm32proj.elf.dir/Core/Startup/startup_stm32f103c8tx.s.o
 .ARM.attributes
                0x0000000000000401       0x33 libstm32xxxx_hal.a(stm32f1xx_hal.c.o)
 .ARM.attributes
                0x0000000000000434       0x33 libstm32xxxx_hal.a(stm32f1xx_hal_adc.c.o)
 .ARM.attributes
                0x0000000000000467       0x33 libstm32xxxx_hal.a(stm32f1xx_hal_cortex.c.o)
 .ARM.attributes
                0x000000000000049a       0x33 libstm32xxxx_hal.a(stm32f1xx_hal_dma.c.o)
 .ARM.attributes
                0x00000000000004cd       0x33 libstm32xxxx_hal.a(stm32f1xx_hal_gpio.c.o)
 .ARM.attributes
                0x0000000000000500       0x33 libstm32xxxx_hal.a(stm32f1xx_hal_i2c.c.o)
 .ARM.attributes
                0x0000000000000533       0x33 libstm32xxxx_hal.a(stm32f1xx_hal_rcc.c.o)
 .ARM.attributes
                0x0000000000000566       0x33 libstm32xxxx_hal.a(stm32f1xx_hal_rcc_ex.c.o)
 .ARM.attributes
                0x0000000000000599       0x33 libstm32xxxx_hal.a(stm32f1xx_hal_tim.c.o)
 .ARM.attributes
                0x00000000000005cc       0x33 libstm32xxxx_hal.a(stm32f1xx_hal_tim_ex.c.o)
 .ARM.attributes
                0x00000000000005ff       0x33 libstm32xxxx_hal.a(stm32f1xx_hal_uart.c.o)
 .ARM.attributes
                0x0000000000000632       0x33 libfreertos_lib.a(cmsis_os.c.o)
 .ARM.attributes
                0x0000000000000665       0x33 libfreertos_lib.a(heap_4.c.o)
 .ARM.attributes
                0x0000000000000698       0x33 libfreertos_lib.a(port.c.o)
 .ARM.attributes
                0x00000000000006cb       0x33 libfreertos_lib.a(tasks.c.o)
 .ARM.attributes
                0x00000000000006fe       0x33 libfreertos_lib.a(list.c.o)
 .ARM.attributes
                0x0000000000000731       0x2d /usr/lib/gcc/arm-none-eabi/6.3.1/../../../arm-none-eabi/lib/thumb/v7-m/libc_nano.a(lib_a-init.o)
 .ARM.attributes
                0x000000000000075e       0x2d /usr/lib/gcc/arm-none-eabi/6.3.1/../../../arm-none-eabi/lib/thumb/v7-m/libc_nano.a(lib_a-memcmp.o)
 .ARM.attributes
                0x000000000000078b       0x2d /usr/lib/gcc/arm-none-eabi/6.3.1/../../../arm-none-eabi/lib/thumb/v7-m/libc_nano.a(lib_a-memset.o)
 .ARM.attributes
                0x00000000000007b8       0x2d /usr/lib/gcc/arm-none-eabi/6.3.1/../../../arm-none-eabi/lib/thumb/v7-m/libm.a(lib_a-w_atan2.o)
 .ARM.attributes
                0x00000000000007e5       0x2d /usr/lib/gcc/arm-none-eabi/6.3.1/../../../arm-none-eabi/lib/thumb/v7-m/libm.a(lib_a-e_atan2.o)
 .ARM.attributes
                0x0000000000000812       0x2d /usr/lib/gcc/arm-none-eabi/6.3.1/../../../arm-none-eabi/lib/thumb/v7-m/libm.a(lib_a-s_atan.o)
 .ARM.attributes
                0x000000000000083f       0x2d /usr/lib/gcc/arm-none-eabi/6.3.1/../../../arm-none-eabi/lib/thumb/v7-m/libm.a(lib_a-s_fabs.o)
 .ARM.attributes
                0x000000000000086c       0x1d /usr/lib/gcc/arm-none-eabi/6.3.1/thumb/v7-m/libgcc.a(_arm_addsubdf3.o)
 .ARM.attributes
                0x0000000000000889       0x1d /usr/lib/gcc/arm-none-eabi/6.3.1/thumb/v7-m/libgcc.a(_arm_muldivdf3.o)
 .ARM.attributes
                0x00000000000008a6       0x1d /usr/lib/gcc/arm-none-eabi/6.3.1/thumb/v7-m/libgcc.a(_arm_cmpdf2.o)
 .ARM.attributes
                0x00000000000008c3       0x1d /usr/lib/gcc/arm-none-eabi/6.3.1/thumb/v7-m/libgcc.a(_arm_fixdfsi.o)
 .ARM.attributes
                0x00000000000008e0       0x1d /usr/lib/gcc/arm-none-eabi/6.3.1/thumb/v7-m/libgcc.a(_arm_truncdfsf2.o)
 .ARM.attributes
                0x00000000000008fd       0x1d /usr/lib/gcc/arm-none-eabi/6.3.1/thumb/v7-m/libgcc.a(_arm_addsubsf3.o)
 .ARM.attributes
                0x000000000000091a       0x1d /usr/lib/gcc/arm-none-eabi/6.3.1/thumb/v7-m/libgcc.a(_arm_muldivsf3.o)
 .ARM.attributes
                0x0000000000000937       0x1d /usr/lib/gcc/arm-none-eabi/6.3.1/thumb/v7-m/libgcc.a(_arm_cmpsf2.o)
 .ARM.attributes
                0x0000000000000954       0x1d /usr/lib/gcc/arm-none-eabi/6.3.1/thumb/v7-m/libgcc.a(_arm_fixsfsi.o)
 .ARM.attributes
                0x0000000000000971       0x1d /usr/lib/gcc/arm-none-eabi/6.3.1/thumb/v7-m/libgcc.a(_arm_fixunssfsi.o)
 .ARM.attributes
                0x000000000000098e       0x1d /usr/lib/gcc/arm-none-eabi/6.3.1/thumb/v7-m/libgcc.a(_aeabi_ldivmod.o)
 .ARM.attributes
                0x00000000000009ab       0x2d /usr/lib/gcc/arm-none-eabi/6.3.1/thumb/v7-m/libgcc.a(_udivmoddi4.o)
 .ARM.attributes
                0x00000000000009d8       0x1d /usr/lib/gcc/arm-none-eabi/6.3.1/thumb/v7-m/libgcc.a(_dvmd_tls.o)
 .ARM.attributes
                0x00000000000009f5       0x2d /usr/lib/gcc/arm-none-eabi/6.3.1/thumb/v7-m/crtend.o
 .ARM.attributes
                0x0000000000000a22       0x1d /usr/lib/gcc/arm-none-eabi/6.3.1/thumb/v7-m/crtn.o
OUTPUT(stm32proj.elf elf32-littlearm)

.comment        0x0000000000000000       0x31
 .comment       0x0000000000000000       0x31 /usr/lib/gcc/arm-none-eabi/6.3.1/thumb/v7-m/crtbegin.o
                                         0x32 (size before relaxing)
 .comment       0x0000000000000031       0x32 CMakeFiles/stm32proj.elf.dir/Core/Src/MPU6050.c.o
 .comment       0x0000000000000031       0x32 CMakeFiles/stm32proj.elf.dir/Core/Src/adc.c.o
 .comment       0x0000000000000031       0x32 CMakeFiles/stm32proj.elf.dir/Core/Src/dma.c.o
 .comment       0x0000000000000031       0x32 CMakeFiles/stm32proj.elf.dir/Core/Src/filter.c.o
 .comment       0x0000000000000031       0x32 CMakeFiles/stm32proj.elf.dir/Core/Src/freertos.c.o
 .comment       0x0000000000000031       0x32 CMakeFiles/stm32proj.elf.dir/Core/Src/gpio.c.o
 .comment       0x0000000000000031       0x32 CMakeFiles/stm32proj.elf.dir/Core/Src/i2c.c.o
 .comment       0x0000000000000031       0x32 CMakeFiles/stm32proj.elf.dir/Core/Src/inv_mpu.c.o
 .comment       0x0000000000000031       0x32 CMakeFiles/stm32proj.elf.dir/Core/Src/inv_mpu_dmp_motion_driver.c.o
 .comment       0x0000000000000031       0x32 CMakeFiles/stm32proj.elf.dir/Core/Src/layerCompati_i2c.c.o
 .comment       0x0000000000000031       0x32 CMakeFiles/stm32proj.elf.dir/Core/Src/libmotot.c.o
 .comment       0x0000000000000031       0x32 CMakeFiles/stm32proj.elf.dir/Core/Src/main.c.o
 .comment       0x0000000000000031       0x32 CMakeFiles/stm32proj.elf.dir/Core/Src/stm32f1xx_hal_msp.c.o
 .comment       0x0000000000000031       0x32 CMakeFiles/stm32proj.elf.dir/Core/Src/stm32f1xx_hal_timebase_tim.c.o
 .comment       0x0000000000000031       0x32 CMakeFiles/stm32proj.elf.dir/Core/Src/stm32f1xx_it.c.o
 .comment       0x0000000000000031       0x32 CMakeFiles/stm32proj.elf.dir/Core/Src/system_stm32f1xx.c.o
 .comment       0x0000000000000031       0x32 CMakeFiles/stm32proj.elf.dir/Core/Src/tim.c.o
 .comment       0x0000000000000031       0x32 CMakeFiles/stm32proj.elf.dir/Core/Src/usart.c.o
 .comment       0x0000000000000031       0x32 libstm32xxxx_hal.a(stm32f1xx_hal.c.o)
 .comment       0x0000000000000031       0x32 libstm32xxxx_hal.a(stm32f1xx_hal_adc.c.o)
 .comment       0x0000000000000031       0x32 libstm32xxxx_hal.a(stm32f1xx_hal_cortex.c.o)
 .comment       0x0000000000000031       0x32 libstm32xxxx_hal.a(stm32f1xx_hal_dma.c.o)
 .comment       0x0000000000000031       0x32 libstm32xxxx_hal.a(stm32f1xx_hal_gpio.c.o)
 .comment       0x0000000000000031       0x32 libstm32xxxx_hal.a(stm32f1xx_hal_i2c.c.o)
 .comment       0x0000000000000031       0x32 libstm32xxxx_hal.a(stm32f1xx_hal_rcc.c.o)
 .comment       0x0000000000000031       0x32 libstm32xxxx_hal.a(stm32f1xx_hal_rcc_ex.c.o)
 .comment       0x0000000000000031       0x32 libstm32xxxx_hal.a(stm32f1xx_hal_tim.c.o)
 .comment       0x0000000000000031       0x32 libstm32xxxx_hal.a(stm32f1xx_hal_tim_ex.c.o)
 .comment       0x0000000000000031       0x32 libstm32xxxx_hal.a(stm32f1xx_hal_uart.c.o)
 .comment       0x0000000000000031       0x32 libfreertos_lib.a(cmsis_os.c.o)
 .comment       0x0000000000000031       0x32 libfreertos_lib.a(heap_4.c.o)
 .comment       0x0000000000000031       0x32 libfreertos_lib.a(port.c.o)
 .comment       0x0000000000000031       0x32 libfreertos_lib.a(tasks.c.o)
 .comment       0x0000000000000031       0x32 libfreertos_lib.a(list.c.o)
 .comment       0x0000000000000031       0x32 /usr/lib/gcc/arm-none-eabi/6.3.1/../../../arm-none-eabi/lib/thumb/v7-m/libc_nano.a(lib_a-init.o)
 .comment       0x0000000000000031       0x32 /usr/lib/gcc/arm-none-eabi/6.3.1/../../../arm-none-eabi/lib/thumb/v7-m/libc_nano.a(lib_a-memcmp.o)
 .comment       0x0000000000000031       0x32 /usr/lib/gcc/arm-none-eabi/6.3.1/../../../arm-none-eabi/lib/thumb/v7-m/libc_nano.a(lib_a-memset.o)
 .comment       0x0000000000000031       0x32 /usr/lib/gcc/arm-none-eabi/6.3.1/../../../arm-none-eabi/lib/thumb/v7-m/libm.a(lib_a-w_atan2.o)
 .comment       0x0000000000000031       0x32 /usr/lib/gcc/arm-none-eabi/6.3.1/../../../arm-none-eabi/lib/thumb/v7-m/libm.a(lib_a-e_atan2.o)
 .comment       0x0000000000000031       0x32 /usr/lib/gcc/arm-none-eabi/6.3.1/../../../arm-none-eabi/lib/thumb/v7-m/libm.a(lib_a-s_atan.o)
 .comment       0x0000000000000031       0x32 /usr/lib/gcc/arm-none-eabi/6.3.1/../../../arm-none-eabi/lib/thumb/v7-m/libm.a(lib_a-s_fabs.o)
 .comment       0x0000000000000031       0x32 /usr/lib/gcc/arm-none-eabi/6.3.1/thumb/v7-m/libgcc.a(_udivmoddi4.o)
 .comment       0x0000000000000031       0x32 /usr/lib/gcc/arm-none-eabi/6.3.1/thumb/v7-m/crtend.o

.debug_info     0x0000000000000000    0x2e544
 .debug_info    0x0000000000000000     0x17ab CMakeFiles/stm32proj.elf.dir/Core/Src/MPU6050.c.o
 .debug_info    0x00000000000017ab     0x15bf CMakeFiles/stm32proj.elf.dir/Core/Src/adc.c.o
 .debug_info    0x0000000000002d6a     0x12f6 CMakeFiles/stm32proj.elf.dir/Core/Src/dma.c.o
 .debug_info    0x0000000000004060      0x22e CMakeFiles/stm32proj.elf.dir/Core/Src/filter.c.o
 .debug_info    0x000000000000428e     0x17af CMakeFiles/stm32proj.elf.dir/Core/Src/freertos.c.o
 .debug_info    0x0000000000005a3d     0x12db CMakeFiles/stm32proj.elf.dir/Core/Src/gpio.c.o
 .debug_info    0x0000000000006d18     0x13c1 CMakeFiles/stm32proj.elf.dir/Core/Src/i2c.c.o
 .debug_info    0x00000000000080d9     0x2672 CMakeFiles/stm32proj.elf.dir/Core/Src/inv_mpu.c.o
 .debug_info    0x000000000000a74b     0x1b1b CMakeFiles/stm32proj.elf.dir/Core/Src/inv_mpu_dmp_motion_driver.c.o
 .debug_info    0x000000000000c266     0x1330 CMakeFiles/stm32proj.elf.dir/Core/Src/layerCompati_i2c.c.o
 .debug_info    0x000000000000d596     0x1407 CMakeFiles/stm32proj.elf.dir/Core/Src/libmotot.c.o
 .debug_info    0x000000000000e99d     0x1d3b CMakeFiles/stm32proj.elf.dir/Core/Src/main.c.o
 .debug_info    0x00000000000106d8     0x13a4 CMakeFiles/stm32proj.elf.dir/Core/Src/stm32f1xx_hal_msp.c.o
 .debug_info    0x0000000000011a7c      0xa41 CMakeFiles/stm32proj.elf.dir/Core/Src/stm32f1xx_hal_timebase_tim.c.o
 .debug_info    0x00000000000124bd     0x17a0 CMakeFiles/stm32proj.elf.dir/Core/Src/stm32f1xx_it.c.o
 .debug_info    0x0000000000013c5d      0x2c4 CMakeFiles/stm32proj.elf.dir/Core/Src/system_stm32f1xx.c.o
 .debug_info    0x0000000000013f21     0x1bbe CMakeFiles/stm32proj.elf.dir/Core/Src/tim.c.o
 .debug_info    0x0000000000015adf     0x17b5 CMakeFiles/stm32proj.elf.dir/Core/Src/usart.c.o
 .debug_info    0x0000000000017294       0x9f CMakeFiles/stm32proj.elf.dir/Core/Startup/startup_stm32f103c8tx.s.o
 .debug_info    0x0000000000017333      0x7ce libstm32xxxx_hal.a(stm32f1xx_hal.c.o)
 .debug_info    0x0000000000017b01      0xd82 libstm32xxxx_hal.a(stm32f1xx_hal_adc.c.o)
 .debug_info    0x0000000000018883      0xc32 libstm32xxxx_hal.a(stm32f1xx_hal_cortex.c.o)
 .debug_info    0x00000000000194b5      0x82c libstm32xxxx_hal.a(stm32f1xx_hal_dma.c.o)
 .debug_info    0x0000000000019ce1      0x70e libstm32xxxx_hal.a(stm32f1xx_hal_gpio.c.o)
 .debug_info    0x000000000001a3ef     0x2763 libstm32xxxx_hal.a(stm32f1xx_hal_i2c.c.o)
 .debug_info    0x000000000001cb52      0x8c3 libstm32xxxx_hal.a(stm32f1xx_hal_rcc.c.o)
 .debug_info    0x000000000001d415      0x47d libstm32xxxx_hal.a(stm32f1xx_hal_rcc_ex.c.o)
 .debug_info    0x000000000001d892     0x2b0a libstm32xxxx_hal.a(stm32f1xx_hal_tim.c.o)
 .debug_info    0x000000000002039c     0x1524 libstm32xxxx_hal.a(stm32f1xx_hal_tim_ex.c.o)
 .debug_info    0x00000000000218c0     0x1681 libstm32xxxx_hal.a(stm32f1xx_hal_uart.c.o)
 .debug_info    0x0000000000022f41     0x20c9 libfreertos_lib.a(cmsis_os.c.o)
 .debug_info    0x000000000002500a      0xcec libfreertos_lib.a(heap_4.c.o)
 .debug_info    0x0000000000025cf6      0x50e libfreertos_lib.a(port.c.o)
 .debug_info    0x0000000000026204     0x265a libfreertos_lib.a(tasks.c.o)
 .debug_info    0x000000000002885e      0xbd0 libfreertos_lib.a(list.c.o)
 .debug_info    0x000000000002942e      0x110 /usr/lib/gcc/arm-none-eabi/6.3.1/../../../arm-none-eabi/lib/thumb/v7-m/libc_nano.a(lib_a-init.o)
 .debug_info    0x000000000002953e      0x914 /usr/lib/gcc/arm-none-eabi/6.3.1/../../../arm-none-eabi/lib/thumb/v7-m/libc_nano.a(lib_a-memcmp.o)
 .debug_info    0x0000000000029e52      0x916 /usr/lib/gcc/arm-none-eabi/6.3.1/../../../arm-none-eabi/lib/thumb/v7-m/libc_nano.a(lib_a-memset.o)
 .debug_info    0x000000000002a768      0x95a /usr/lib/gcc/arm-none-eabi/6.3.1/../../../arm-none-eabi/lib/thumb/v7-m/libm.a(lib_a-w_atan2.o)
 .debug_info    0x000000000002b0c2      0xaf6 /usr/lib/gcc/arm-none-eabi/6.3.1/../../../arm-none-eabi/lib/thumb/v7-m/libm.a(lib_a-e_atan2.o)
 .debug_info    0x000000000002bbb8      0xae8 /usr/lib/gcc/arm-none-eabi/6.3.1/../../../arm-none-eabi/lib/thumb/v7-m/libm.a(lib_a-s_atan.o)
 .debug_info    0x000000000002c6a0      0x986 /usr/lib/gcc/arm-none-eabi/6.3.1/../../../arm-none-eabi/lib/thumb/v7-m/libm.a(lib_a-s_fabs.o)
 .debug_info    0x000000000002d026       0xc0 /usr/lib/gcc/arm-none-eabi/6.3.1/thumb/v7-m/libgcc.a(_arm_addsubdf3.o)
 .debug_info    0x000000000002d0e6       0xc0 /usr/lib/gcc/arm-none-eabi/6.3.1/thumb/v7-m/libgcc.a(_arm_muldivdf3.o)
 .debug_info    0x000000000002d1a6       0xc0 /usr/lib/gcc/arm-none-eabi/6.3.1/thumb/v7-m/libgcc.a(_arm_cmpdf2.o)
 .debug_info    0x000000000002d266       0xc0 /usr/lib/gcc/arm-none-eabi/6.3.1/thumb/v7-m/libgcc.a(_arm_fixdfsi.o)
 .debug_info    0x000000000002d326       0xc0 /usr/lib/gcc/arm-none-eabi/6.3.1/thumb/v7-m/libgcc.a(_arm_truncdfsf2.o)
 .debug_info    0x000000000002d3e6       0xc0 /usr/lib/gcc/arm-none-eabi/6.3.1/thumb/v7-m/libgcc.a(_arm_addsubsf3.o)
 .debug_info    0x000000000002d4a6       0xc0 /usr/lib/gcc/arm-none-eabi/6.3.1/thumb/v7-m/libgcc.a(_arm_muldivsf3.o)
 .debug_info    0x000000000002d566       0xc0 /usr/lib/gcc/arm-none-eabi/6.3.1/thumb/v7-m/libgcc.a(_arm_cmpsf2.o)
 .debug_info    0x000000000002d626       0xc0 /usr/lib/gcc/arm-none-eabi/6.3.1/thumb/v7-m/libgcc.a(_arm_fixsfsi.o)
 .debug_info    0x000000000002d6e6       0xc0 /usr/lib/gcc/arm-none-eabi/6.3.1/thumb/v7-m/libgcc.a(_arm_fixunssfsi.o)
 .debug_info    0x000000000002d7a6       0xbb /usr/lib/gcc/arm-none-eabi/6.3.1/thumb/v7-m/libgcc.a(_aeabi_ldivmod.o)
 .debug_info    0x000000000002d861      0xc24 /usr/lib/gcc/arm-none-eabi/6.3.1/thumb/v7-m/libgcc.a(_udivmoddi4.o)
 .debug_info    0x000000000002e485       0xbf /usr/lib/gcc/arm-none-eabi/6.3.1/thumb/v7-m/libgcc.a(_dvmd_tls.o)

.debug_abbrev   0x0000000000000000     0x591d
 .debug_abbrev  0x0000000000000000      0x373 CMakeFiles/stm32proj.elf.dir/Core/Src/MPU6050.c.o
 .debug_abbrev  0x0000000000000373      0x224 CMakeFiles/stm32proj.elf.dir/Core/Src/adc.c.o
 .debug_abbrev  0x0000000000000597      0x1e3 CMakeFiles/stm32proj.elf.dir/Core/Src/dma.c.o
 .debug_abbrev  0x000000000000077a       0xb3 CMakeFiles/stm32proj.elf.dir/Core/Src/filter.c.o
 .debug_abbrev  0x000000000000082d      0x21b CMakeFiles/stm32proj.elf.dir/Core/Src/freertos.c.o
 .debug_abbrev  0x0000000000000a48      0x1ee CMakeFiles/stm32proj.elf.dir/Core/Src/gpio.c.o
 .debug_abbrev  0x0000000000000c36      0x224 CMakeFiles/stm32proj.elf.dir/Core/Src/i2c.c.o
 .debug_abbrev  0x0000000000000e5a      0x2bd CMakeFiles/stm32proj.elf.dir/Core/Src/inv_mpu.c.o
 .debug_abbrev  0x0000000000001117      0x287 CMakeFiles/stm32proj.elf.dir/Core/Src/inv_mpu_dmp_motion_driver.c.o
 .debug_abbrev  0x000000000000139e      0x22e CMakeFiles/stm32proj.elf.dir/Core/Src/layerCompati_i2c.c.o
 .debug_abbrev  0x00000000000015cc      0x216 CMakeFiles/stm32proj.elf.dir/Core/Src/libmotot.c.o
 .debug_abbrev  0x00000000000017e2      0x2be CMakeFiles/stm32proj.elf.dir/Core/Src/main.c.o
 .debug_abbrev  0x0000000000001aa0      0x1ee CMakeFiles/stm32proj.elf.dir/Core/Src/stm32f1xx_hal_msp.c.o
 .debug_abbrev  0x0000000000001c8e      0x199 CMakeFiles/stm32proj.elf.dir/Core/Src/stm32f1xx_hal_timebase_tim.c.o
 .debug_abbrev  0x0000000000001e27      0x1f2 CMakeFiles/stm32proj.elf.dir/Core/Src/stm32f1xx_it.c.o
 .debug_abbrev  0x0000000000002019      0x132 CMakeFiles/stm32proj.elf.dir/Core/Src/system_stm32f1xx.c.o
 .debug_abbrev  0x000000000000214b      0x26b CMakeFiles/stm32proj.elf.dir/Core/Src/tim.c.o
 .debug_abbrev  0x00000000000023b6      0x235 CMakeFiles/stm32proj.elf.dir/Core/Src/usart.c.o
 .debug_abbrev  0x00000000000025eb       0x12 CMakeFiles/stm32proj.elf.dir/Core/Startup/startup_stm32f103c8tx.s.o
 .debug_abbrev  0x00000000000025fd      0x1c5 libstm32xxxx_hal.a(stm32f1xx_hal.c.o)
 .debug_abbrev  0x00000000000027c2      0x1d3 libstm32xxxx_hal.a(stm32f1xx_hal_adc.c.o)
 .debug_abbrev  0x0000000000002995      0x2b5 libstm32xxxx_hal.a(stm32f1xx_hal_cortex.c.o)
 .debug_abbrev  0x0000000000002c4a      0x1fc libstm32xxxx_hal.a(stm32f1xx_hal_dma.c.o)
 .debug_abbrev  0x0000000000002e46      0x1be libstm32xxxx_hal.a(stm32f1xx_hal_gpio.c.o)
 .debug_abbrev  0x0000000000003004      0x256 libstm32xxxx_hal.a(stm32f1xx_hal_i2c.c.o)
 .debug_abbrev  0x000000000000325a      0x241 libstm32xxxx_hal.a(stm32f1xx_hal_rcc.c.o)
 .debug_abbrev  0x000000000000349b      0x173 libstm32xxxx_hal.a(stm32f1xx_hal_rcc_ex.c.o)
 .debug_abbrev  0x000000000000360e      0x22c libstm32xxxx_hal.a(stm32f1xx_hal_tim.c.o)
 .debug_abbrev  0x000000000000383a      0x232 libstm32xxxx_hal.a(stm32f1xx_hal_tim_ex.c.o)
 .debug_abbrev  0x0000000000003a6c      0x25b libstm32xxxx_hal.a(stm32f1xx_hal_uart.c.o)
 .debug_abbrev  0x0000000000003cc7      0x36e libfreertos_lib.a(cmsis_os.c.o)
 .debug_abbrev  0x0000000000004035      0x2ad libfreertos_lib.a(heap_4.c.o)
 .debug_abbrev  0x00000000000042e2      0x21d libfreertos_lib.a(port.c.o)
 .debug_abbrev  0x00000000000044ff      0x345 libfreertos_lib.a(tasks.c.o)
 .debug_abbrev  0x0000000000004844      0x1de libfreertos_lib.a(list.c.o)
 .debug_abbrev  0x0000000000004a22       0xba /usr/lib/gcc/arm-none-eabi/6.3.1/../../../arm-none-eabi/lib/thumb/v7-m/libc_nano.a(lib_a-init.o)
 .debug_abbrev  0x0000000000004adc      0x17e /usr/lib/gcc/arm-none-eabi/6.3.1/../../../arm-none-eabi/lib/thumb/v7-m/libc_nano.a(lib_a-memcmp.o)
 .debug_abbrev  0x0000000000004c5a      0x197 /usr/lib/gcc/arm-none-eabi/6.3.1/../../../arm-none-eabi/lib/thumb/v7-m/libc_nano.a(lib_a-memset.o)
 .debug_abbrev  0x0000000000004df1      0x204 /usr/lib/gcc/arm-none-eabi/6.3.1/../../../arm-none-eabi/lib/thumb/v7-m/libm.a(lib_a-w_atan2.o)
 .debug_abbrev  0x0000000000004ff5      0x260 /usr/lib/gcc/arm-none-eabi/6.3.1/../../../arm-none-eabi/lib/thumb/v7-m/libm.a(lib_a-e_atan2.o)
 .debug_abbrev  0x0000000000005255      0x250 /usr/lib/gcc/arm-none-eabi/6.3.1/../../../arm-none-eabi/lib/thumb/v7-m/libm.a(lib_a-s_atan.o)
 .debug_abbrev  0x00000000000054a5      0x1fc /usr/lib/gcc/arm-none-eabi/6.3.1/../../../arm-none-eabi/lib/thumb/v7-m/libm.a(lib_a-s_fabs.o)
 .debug_abbrev  0x00000000000056a1       0x14 /usr/lib/gcc/arm-none-eabi/6.3.1/thumb/v7-m/libgcc.a(_arm_addsubdf3.o)
 .debug_abbrev  0x00000000000056b5       0x14 /usr/lib/gcc/arm-none-eabi/6.3.1/thumb/v7-m/libgcc.a(_arm_muldivdf3.o)